+ '[' -v INIT ']'
+ INIT=/host/guest.sh
++ readlink -f ../fvp/
+ fvp_dir=/home/user/.work/fvp
+ '[' '!' -f /home/user/.work/fvp/FVP_Base_RevC-2xAEMvA ']'
+ export PATH=/home/user/.work/fvp:/home/user/.data/work/repository/linux-emulation/bin/:/home/user/.flutter/bin:/home/user/.qcad:/home/user/.utils/bin/:/home/user/.ryujinx:/home/user/.cargo/bin:/home/user/.data/work/repository/linux-emulation/bin/:/home/user/.flutter/bin:/home/user/.qcad:/home/user/.utils/bin/:/home/user/.ryujinx:/usr/local/bin:/usr/bin:/bin:/usr/local/games:/usr/games:/home/user/.fzf/bin
+ PATH=/home/user/.work/fvp:/home/user/.data/work/repository/linux-emulation/bin/:/home/user/.flutter/bin:/home/user/.qcad:/home/user/.utils/bin/:/home/user/.ryujinx:/home/user/.cargo/bin:/home/user/.data/work/repository/linux-emulation/bin/:/home/user/.flutter/bin:/home/user/.qcad:/home/user/.utils/bin/:/home/user/.ryujinx:/usr/local/bin:/usr/bin:/bin:/usr/local/games:/usr/games:/home/user/.fzf/bin
+ FVP_Base_RevC-2xAEMvA --version

Fast Models [0.0.10039 (Sep 23 2025)]
Copyright 2000-2025 ARM Limited.
All Rights Reserved.


Info: /OSCI/SystemC: Simulation stopped by user.
+ cd fvp
+ pushd rmm
~/.work/qemu-linux-stack/fvp/rmm ~/.work/qemu-linux-stack/fvp
+ export OUT=/home/user/.work/qemu-linux-stack/fvp/rmm/../../out
+ OUT=/home/user/.work/qemu-linux-stack/fvp/rmm/../../out
+ export PATH=/home/user/.work/qemu-linux-stack/fvp/rmm/../shrinkwrap/shrinkwrap:/home/user/.work/fvp:/home/user/.data/work/repository/linux-emulation/bin/:/home/user/.flutter/bin:/home/user/.qcad:/home/user/.utils/bin/:/home/user/.ryujinx:/home/user/.cargo/bin:/home/user/.data/work/repository/linux-emulation/bin/:/home/user/.flutter/bin:/home/user/.qcad:/home/user/.utils/bin/:/home/user/.ryujinx:/usr/local/bin:/usr/bin:/bin:/usr/local/games:/usr/games:/home/user/.fzf/bin
+ PATH=/home/user/.work/qemu-linux-stack/fvp/rmm/../shrinkwrap/shrinkwrap:/home/user/.work/fvp:/home/user/.data/work/repository/linux-emulation/bin/:/home/user/.flutter/bin:/home/user/.qcad:/home/user/.utils/bin/:/home/user/.ryujinx:/home/user/.cargo/bin:/home/user/.data/work/repository/linux-emulation/bin/:/home/user/.flutter/bin:/home/user/.qcad:/home/user/.utils/bin/:/home/user/.ryujinx:/usr/local/bin:/usr/bin:/bin:/usr/local/games:/usr/games:/home/user/.fzf/bin
+ export SHRINKWRAP_CONFIG=/home/user/.work/qemu-linux-stack/fvp/rmm/tools/shrinkwrap/configs
+ SHRINKWRAP_CONFIG=/home/user/.work/qemu-linux-stack/fvp/rmm/tools/shrinkwrap/configs
+ export WORKSPACE=/home/user/.work/qemu-linux-stack/fvp/rmm/../
+ WORKSPACE=/home/user/.work/qemu-linux-stack/fvp/rmm/../
+ export SHRINKWRAP_BUILD=/home/user/.work/qemu-linux-stack/fvp/rmm/../
+ SHRINKWRAP_BUILD=/home/user/.work/qemu-linux-stack/fvp/rmm/../
+ export SHRINKWRAP_PACKAGE=/home/user/.work/qemu-linux-stack/fvp/rmm/..//package
+ SHRINKWRAP_PACKAGE=/home/user/.work/qemu-linux-stack/fvp/rmm/..//package
+ pushd /home/user/.work/qemu-linux-stack/fvp/rmm/..//package/cca-3world/
~/.work/qemu-linux-stack/fvp/package/cca-3world ~/.work/qemu-linux-stack/fvp/rmm ~/.work/qemu-linux-stack/fvp
+ mkdir -p mnt
+ cp -f /home/user/.work/qemu-linux-stack/fvp/rmm/../../out/host.ext4 host.ext4
+ cp -f /home/user/.work/qemu-linux-stack/fvp/rmm/../../out/guest.ext4 guest.ext4
+ fuse2fs -o fakeroot host.ext4 mnt
+ mkdir -p mnt/host/out
+ cp Image guest.ext4 lkvm mnt/host/out
+ cp /home/user/.work/qemu-linux-stack/fvp/rmm/../../out/../guest.sh mnt/host/
+ fusermount -u mnt
+ rm -rf mnt
+ popd
~/.work/qemu-linux-stack/fvp/rmm ~/.work/qemu-linux-stack/fvp
+ rootfs=/home/user/.work/qemu-linux-stack/fvp/rmm/..//package/cca-3world/host.ext4
+ cat
++ which podman
+ chmod +x podman
+ env PATH=./:/home/user/.work/qemu-linux-stack/fvp/rmm/../shrinkwrap/shrinkwrap:/home/user/.work/fvp:/home/user/.data/work/repository/linux-emulation/bin/:/home/user/.flutter/bin:/home/user/.qcad:/home/user/.utils/bin/:/home/user/.ryujinx:/home/user/.cargo/bin:/home/user/.data/work/repository/linux-emulation/bin/:/home/user/.flutter/bin:/home/user/.qcad:/home/user/.utils/bin/:/home/user/.ryujinx:/usr/local/bin:/usr/bin:/bin:/usr/local/games:/usr/games:/home/user/.fzf/bin shrinkwrap --runtime=podman run cca-3world.yaml --overlay=cca_da.yaml --rtvar ROOTFS=/home/user/.work/qemu-linux-stack/fvp/rmm/..//package/cca-3world/host.ext4 --rtvar 'CMDLINE=nokaslr root=/dev/vda rw init=/init -- /host/guest.sh'
+ cmd=--version
+ shift
+ '[' --version == run ']'
+ '[' --version == exec ']'
+ /usr/bin/podman --version
+ cmd=run
+ shift
+ '[' run == run ']'
+ cmd='run -v /home/user/.work/fvp:/tools/Base_RevC_AEMvA_pkg/models/Linux64_GCC-9.3/'
+ /usr/bin/podman run -v /home/user/.work/fvp:/tools/Base_RevC_AEMvA_pkg/models/Linux64_GCC-9.3/ --rm --init --detach --env=KBUILD_BUILD_USER=tuxmake --userns=keep-id --network=host --volume=/home/user/.work/qemu-linux-stack/fvp/rmm:/home/user/.work/qemu-linux-stack/fvp/rmm:O --volume=/usr/local/lib/python3.13/dist-packages/tuxmake/runtime/bin:/tuxmake:rw,z --volume=/home/user/.work/qemu-linux-stack/fvp/package:/home/user/.work/qemu-linux-stack/fvp/package:rw,z --workdir=/home/user/.work/qemu-linux-stack/fvp/rmm --log-level=ERROR docker.io/shrinkwraptool/base-slim:2025.12.0.dev0 sleep 1d

Press '^]' to quit shrinkwrap.
All other keys are passed through.
Environment ip address: 192.168.1.87.

[   fvp ] + cmd=exec
[   fvp ] + shift
[   fvp ] + '[' exec == run ']'
[   fvp ] + '[' exec == exec ']'
[   fvp ] + '[' -f /home/user/.work/qemu-linux-stack/fvp/package/tmp5y8i61_5/script.sh ']'
[   fvp ] + cat /home/user/.work/qemu-linux-stack/fvp/package/tmp5y8i61_5/script.sh
[   fvp ] #!/bin/bash
[   fvp ] # SHRINKWRAP AUTOGENERATED SCRIPT.
[   fvp ] 
[   fvp ] # Exit on error.
[   fvp ] set -e
[   fvp ] 
[   fvp ] # Execute prerun commands.
[   fvp ] SEMIHOSTDIR=`mktemp -d`
[   fvp ] function finish { rm -rf $SEMIHOSTDIR; }
[   fvp ] trap finish EXIT
[   fvp ] cp /home/user/.work/qemu-linux-stack/fvp/package/cca-3world/Image ${SEMIHOSTDIR}/Image
[   fvp ] cp /home/user/.work/qemu-linux-stack/fvp/package/cca-3world/dt_bootargs.dtb ${SEMIHOSTDIR}/fdt.dtb
[   fvp ] cat <<EOF > ${SEMIHOSTDIR}/startup.nsh
[   fvp ] Image dtb=fdt.dtb nokaslr root=/dev/vda rw init=/init -- /host/guest.sh
[   fvp ] EOF
[   fvp ] bash tools/shrinkwrap/fix_pci_json.sh /home/user/.work/qemu-linux-stack/fvp/package/cca-3world
[   fvp ] bash tools/shrinkwrap/fix_pci_json.sh /home/user/.work/qemu-linux-stack/fvp/package/cca-3world
[   fvp ] 
[   fvp ] # Run the model.
[   fvp ] FVP_Base_RevC-2xAEMvA \
[   fvp ]     --stat \
[   fvp ]     -C bp.dram_size=4 \
[   fvp ]     -C bp.flashloader0.fname=/home/user/.work/qemu-linux-stack/fvp/package/cca-3world/fip.bin \
[   fvp ]     -C bp.flashloader1.fname= \
[   fvp ]     -C bp.has_rme=1 \
[   fvp ]     -C bp.hostbridge.userNetPorts=8022=22 \
[   fvp ]     -C bp.hostbridge.userNetworking=1 \
[   fvp ]     -C bp.refcounter.non_arch_start_at_default=1 \
[   fvp ]     -C bp.secure_memory=0 \
[   fvp ]     -C bp.secureflashloader.fname=/home/user/.work/qemu-linux-stack/fvp/package/cca-3world/bl1.bin \
[   fvp ]     -C bp.smsc_91c111.enabled=1 \
[   fvp ]     -C bp.terminal_0.mode=telnet \
[   fvp ]     -C bp.terminal_0.start_telnet=0 \
[   fvp ]     -C bp.terminal_1.mode=raw \
[   fvp ]     -C bp.terminal_1.start_telnet=0 \
[   fvp ]     -C bp.terminal_2.mode=raw \
[   fvp ]     -C bp.terminal_2.start_telnet=0 \
[   fvp ]     -C bp.terminal_3.mode=raw \
[   fvp ]     -C bp.terminal_3.start_telnet=0 \
[   fvp ]     -C bp.ve_sysregs.exit_on_shutdown=1 \
[   fvp ]     -C bp.virtio_rng.enabled=1 \
[   fvp ]     -C bp.virtioblockdevice.image_path=/home/user/.work/qemu-linux-stack/fvp/package/cca-3world/host.ext4 \
[   fvp ]     -C bp.virtiop9device.root_path= \
[   fvp ]     -C bp.vis.disable_visualisation=1 \
[   fvp ]     -C cache_state_modelled=0 \
[   fvp ]     -C cluster0.NUM_CORES=4 \
[   fvp ]     -C cluster0.PA_SIZE=48 \
[   fvp ]     -C cluster0.check_memory_attributes=0 \
[   fvp ]     -C cluster0.clear_reg_top_eret=2 \
[   fvp ]     -C cluster0.cpu0.semihosting-cwd=${SEMIHOSTDIR} \
[   fvp ]     -C cluster0.ecv_support_level=2 \
[   fvp ]     -C cluster0.enhanced_pac2_level=3 \
[   fvp ]     -C cluster0.gicv3.cpuintf-mmap-access-level=2 \
[   fvp ]     -C cluster0.gicv3.without-DS-support=1 \
[   fvp ]     -C cluster0.gicv4.mask-virtual-interrupt=1 \
[   fvp ]     -C cluster0.has_16k_granule=1 \
[   fvp ]     -C cluster0.has_amu=1 \
[   fvp ]     -C cluster0.has_arm_v8-1=1 \
[   fvp ]     -C cluster0.has_arm_v8-2=1 \
[   fvp ]     -C cluster0.has_arm_v8-3=1 \
[   fvp ]     -C cluster0.has_arm_v8-4=1 \
[   fvp ]     -C cluster0.has_arm_v8-5=1 \
[   fvp ]     -C cluster0.has_arm_v8-6=1 \
[   fvp ]     -C cluster0.has_arm_v8-7=1 \
[   fvp ]     -C cluster0.has_arm_v9-0=1 \
[   fvp ]     -C cluster0.has_arm_v9-1=1 \
[   fvp ]     -C cluster0.has_arm_v9-2=1 \
[   fvp ]     -C cluster0.has_branch_target_exception=1 \
[   fvp ]     -C cluster0.has_brbe=0 \
[   fvp ]     -C cluster0.has_brbe_v1p1=0 \
[   fvp ]     -C cluster0.has_large_system_ext=1 \
[   fvp ]     -C cluster0.has_large_va=1 \
[   fvp ]     -C cluster0.has_rndr=1 \
[   fvp ]     -C cluster0.has_sve=1 \
[   fvp ]     -C cluster0.max_32bit_el=0 \
[   fvp ]     -C cluster0.output_attributes=ExtendedID[62:55]=MPAM_PMG,ExtendedID[54:39]=MPAM_PARTID,ExtendedID[38:37]=MPAM_SP \
[   fvp ]     -C cluster0.restriction_on_speculative_execution=2 \
[   fvp ]     -C cluster0.restriction_on_speculative_execution_aarch32=2 \
[   fvp ]     -C cluster0.rme_support_level=2 \
[   fvp ]     -C cluster0.stage12_tlb_size=1024 \
[   fvp ]     -C cluster0.sve.has_sme=1 \
[   fvp ]     -C cluster0.sve.has_sve2=1 \
[   fvp ]     -C cluster1.NUM_CORES=4 \
[   fvp ]     -C cluster1.PA_SIZE=48 \
[   fvp ]     -C cluster1.check_memory_attributes=0 \
[   fvp ]     -C cluster1.clear_reg_top_eret=2 \
[   fvp ]     -C cluster1.ecv_support_level=2 \
[   fvp ]     -C cluster1.enhanced_pac2_level=3 \
[   fvp ]     -C cluster1.gicv3.cpuintf-mmap-access-level=2 \
[   fvp ]     -C cluster1.gicv3.without-DS-support=1 \
[   fvp ]     -C cluster1.gicv4.mask-virtual-interrupt=1 \
[   fvp ]     -C cluster1.has_16k_granule=1 \
[   fvp ]     -C cluster1.has_amu=1 \
[   fvp ]     -C cluster1.has_arm_v8-1=1 \
[   fvp ]     -C cluster1.has_arm_v8-2=1 \
[   fvp ]     -C cluster1.has_arm_v8-3=1 \
[   fvp ]     -C cluster1.has_arm_v8-4=1 \
[   fvp ]     -C cluster1.has_arm_v8-5=1 \
[   fvp ]     -C cluster1.has_arm_v8-6=1 \
[   fvp ]     -C cluster1.has_arm_v8-7=1 \
[   fvp ]     -C cluster1.has_arm_v9-0=1 \
[   fvp ]     -C cluster1.has_arm_v9-1=1 \
[   fvp ]     -C cluster1.has_arm_v9-2=1 \
[   fvp ]     -C cluster1.has_branch_target_exception=1 \
[   fvp ]     -C cluster1.has_brbe=0 \
[   fvp ]     -C cluster1.has_brbe_v1p1=0 \
[   fvp ]     -C cluster1.has_large_system_ext=1 \
[   fvp ]     -C cluster1.has_large_va=1 \
[   fvp ]     -C cluster1.has_rndr=1 \
[   fvp ]     -C cluster1.has_sve=1 \
[   fvp ]     -C cluster1.max_32bit_el=0 \
[   fvp ]     -C cluster1.output_attributes=ExtendedID[62:55]=MPAM_PMG,ExtendedID[54:39]=MPAM_PARTID,ExtendedID[38:37]=MPAM_SP \
[   fvp ]     -C cluster1.restriction_on_speculative_execution=2 \
[   fvp ]     -C cluster1.restriction_on_speculative_execution_aarch32=2 \
[   fvp ]     -C cluster1.rme_support_level=2 \
[   fvp ]     -C cluster1.stage12_tlb_size=1024 \
[   fvp ]     -C cluster1.sve.has_sme=1 \
[   fvp ]     -C cluster1.sve.has_sve2=1 \
[   fvp ]     -C pci.hierarchy_file_name=/home/user/.work/qemu-linux-stack/fvp/package/cca-3world/pci_fixedup.json \
[   fvp ]     -C pci.pci_smmuv3.mmu.SMMU_AIDR=3 \
[   fvp ]     -C pci.pci_smmuv3.mmu.SMMU_IDR0=1234122427 \
[   fvp ]     -C pci.pci_smmuv3.mmu.SMMU_IDR1=216481040 \
[   fvp ]     -C pci.pci_smmuv3.mmu.SMMU_IDR3=30524 \
[   fvp ]     -C pci.pci_smmuv3.mmu.SMMU_IDR5=1141 \
[   fvp ]     -C pci.pci_smmuv3.mmu.SMMU_ROOT_IDR0=8388623 \
[   fvp ]     -C pci.pci_smmuv3.mmu.SMMU_ROOT_IIDR=1083 \
[   fvp ]     -C pci.pci_smmuv3.mmu.SMMU_R_IDR0=16851968 \
[   fvp ]     -C pci.pci_smmuv3.mmu.SMMU_S_IDR0=16777216 \
[   fvp ]     -C pci.pci_smmuv3.mmu.SMMU_S_IDR1=2684354562 \
[   fvp ]     -C pci.pci_smmuv3.mmu.SMMU_S_IDR2=0 \
[   fvp ]     -C pci.pci_smmuv3.mmu.SMMU_S_IDR3=0 \
[   fvp ]     -C pci.pci_smmuv3.mmu.root_register_page_offset=131072 \
[   fvp ]     -C pci.pci_smmuv3.mmu.size_of_gpttlb=1 \
[   fvp ]     -C pci.pci_smmuv3.mmu.size_of_tlb=1 \
[   fvp ]     -C pctl.startup=0.0.0.0
[   fvp ] + /usr/bin/podman exec 264d505e1806c95653a8b65f8ede55495add16f977787d9c5b87702b665c6c17 bash /home/user/.work/qemu-linux-stack/fvp/package/tmp5y8i61_5/script.sh
[   fvp ] 
[   fvp ] Info: FVP_Base_RevC_2xAEMvA: terminal_0: Listening for serial connection on port 5004
[   fvp ] 
[   fvp ] Info: FVP_Base_RevC_2xAEMvA: terminal_1: Listening for serial connection on port 5005
[   fvp ] 
[   fvp ] Info: FVP_Base_RevC_2xAEMvA: terminal_2: Listening for serial connection on port 5006
[   fvp ] 
[   fvp ] Info: FVP_Base_RevC_2xAEMvA: terminal_3: Listening for serial connection on port 5007
[  edk2 ] + cmd=exec
[  edk2 ] + shift
[  edk2 ] + '[' exec == run ']'
[  edk2 ] + '[' exec == exec ']'
[  edk2 ] + '[' -f 5005 ']'
[  edk2 ] + /usr/bin/podman exec 264d505e1806c95653a8b65f8ede55495add16f977787d9c5b87702b665c6c17 nc localhost 5005
[ term2 ] + cmd=exec
[ term2 ] + shift
[ term2 ] + '[' exec == run ']'
[ term2 ] + '[' exec == exec ']'
[ term2 ] + '[' -f 5006 ']'
[ term2 ] + /usr/bin/podman exec 264d505e1806c95653a8b65f8ede55495add16f977787d9c5b87702b665c6c17 nc localhost 5006
[   rmm ] + cmd=exec
[   rmm ] + shift
[   rmm ] + '[' exec == run ']'
[   rmm ] + '[' exec == exec ']'
[   rmm ] + '[' -f 5007 ']'
[   rmm ] + /usr/bin/podman exec 264d505e1806c95653a8b65f8ede55495add16f977787d9c5b87702b665c6c17 nc localhost 5007
[   fvp ] 
[   fvp ] Warning: FVP_Base_RevC_2xAEMvA: FVP_Base_RevC_2xAEMvA.bp.flashloader1: FlashLoader: fname parameter is empty. Nothing loaded.
[   fvp ] In file: (unknown):0
[   fvp ] 
[   fvp ] Info: FVP_Base_RevC_2xAEMvA: FVP_Base_RevC_2xAEMvA.bp.flashloader0: FlashLoader: Loaded 3345 kB from file '/home/user/.work/qemu-linux-stack/fvp/package/cca-3world/fip.bin'
[   fvp ] 
[   fvp ] Info: FVP_Base_RevC_2xAEMvA: FVP_Base_RevC_2xAEMvA.bp.secureflashloader: FlashLoader: Loaded 36 kB from file '/home/user/.work/qemu-linux-stack/fvp/package/cca-3world/bl1.bin'
[   fvp ] 
[   fvp ] Warning: FVP_Base_RevC_2xAEMvA: bp.hostbridge: Unable to bind to port '8022'
[   fvp ] In file: (unknown):0
[   fvp ] 
[   fvp ] Info: FVP_Base_RevC_2xAEMvA: bp.hostbridge: ...binding to port 8023 instead
[   fvp ] 
[   fvp ] Warning: FVP_Base_RevC_2xAEMvA: FVP_Base_RevC_2xAEMvA.bp.flashloader1: FlashLoader: fname parameter is empty. Nothing loaded.
[   fvp ] In file: (unknown):0
[   fvp ] 
[   fvp ] Warning: FVP_Base_RevC_2xAEMvA: FVP_Base_RevC_2xAEMvA.pci.pci_smmuv3.mmu: SMMU is configured with a parameter:-
[   fvp ]     translated_device_id_base = 0x00000000
[   fvp ] which describes the base of a range of DeviceIDs to use in the system for
[   fvp ] translated device accesses.  The StreamID width is:-
[   fvp ]     SMMU_IDR1.SIDSIZE     = 16
[   fvp ] The SMMU has been told to use a device ID:-
[   fvp ]     0x00000000
[   fvp ] which overlaps one or more sets of translated device ids:-
[   fvp ]     ns-StreamID:[0x00000000, 0x0000ffff] from SMMU_IDR1.SIDSIZE
[   fvp ]         -> DeviceID:[0x00000000, 0x0000ffff]
[   fvp ]     rl-StreamID:[0x00000000, 0x0000ffff] from SMMU_IDR1.SIDSIZE
[   fvp ]         -> DeviceID:[0x00000000, 0x0000ffff]
[   fvp ] The model will continue under the assumption that this is OK!
[   fvp ] This warning is enabled by the parameter enable_device_id_checks.
[   fvp ] 
[   fvp ] In file: (unknown):0
[   fvp ] 
[   fvp ] Info: FVP_Base_RevC_2xAEMvA: rootport1: Intercepted write to BAR at address 0x0000000000100010
[   fvp ] 
[   fvp ] Info: FVP_Base_RevC_2xAEMvA: rootport1: Intercepted write to BAR at address 0x0000000000100010
[   fvp ] 
[   fvp ] Info: FVP_Base_RevC_2xAEMvA: rootport1 Found 32 bit BAR at offset 0x0000000000100010 with size 0x2000
[   fvp ] 
[   fvp ] Info: FVP_Base_RevC_2xAEMvA: rootport1: Intercepted write to BAR at address 0x0000000000100014
[   fvp ] 
[   fvp ] Info: FVP_Base_RevC_2xAEMvA: rootport1: Intercepted write to BAR at address 0x0000000000100014
[   fvp ] 
[   fvp ] Info: FVP_Base_RevC_2xAEMvA: rootport1 Found 32 bit BAR at offset 0x0000000000100014 with size 0x2000
[   fvp ] 
[   fvp ] Info: FVP_Base_RevC_2xAEMvA: rootport1: Intercepted write to BAR at address 0x0000000000100018
[   fvp ] 
[   fvp ] Info: FVP_Base_RevC_2xAEMvA: rootport1: Intercepted write to BAR at address 0x0000000000100018
[   fvp ] 
[   fvp ] Info: FVP_Base_RevC_2xAEMvA: rootport1 Found 32 bit BAR at offset 0x0000000000100018 with size 0x1000
[   fvp ] 
[   fvp ] Info: FVP_Base_RevC_2xAEMvA: rootport1: Intercepted write to BAR at address 0x000000000010001c
[   fvp ] 
[   fvp ] Info: FVP_Base_RevC_2xAEMvA: rootport1: Intercepted write to BAR at address 0x000000000010001c
[   fvp ] 
[   fvp ] Info: FVP_Base_RevC_2xAEMvA: rootport1 Found 32 bit BAR at offset 0x000000000010001c with size 0x2000
[   fvp ] 
[   fvp ] Info: FVP_Base_RevC_2xAEMvA: rootport1: Intercepted write to BAR at address 0x0000000000100020
[   fvp ] 
[   fvp ] Info: FVP_Base_RevC_2xAEMvA: rootport1: Intercepted write to BAR at address 0x0000000000100020
[   fvp ] 
[   fvp ] Info: FVP_Base_RevC_2xAEMvA: rootport1 Found 32 bit BAR at offset 0x0000000000100020 with size 0x1000
[   fvp ] 
[   fvp ] Info: FVP_Base_RevC_2xAEMvA: rootport1: Intercepted write to BAR at address 0x0000000000100024
[   fvp ] 
[   fvp ] Info: FVP_Base_RevC_2xAEMvA: rootport1: Intercepted write to BAR at address 0x0000000000100024
[   fvp ] 
[   fvp ] Info: FVP_Base_RevC_2xAEMvA: rootport1 Found 32 bit BAR at offset 0x0000000000100024 with size 0x2000
NOTICE:  Booting Trusted Firmware
NOTICE:  BL1: v2.13.0(debug):v2.13.0-754-g35291b8ac
NOTICE:  BL1: Built : 13:52:49, Oct 30 2025
INFO:    BL1: RAM 0x4051000 - 0x4058000
INFO:    Loading image id=32 at address 0x4001010
INFO:    Image id=32 loaded: 0x4001010 - 0x4001213
INFO:    FCONF: Config file with image ID:32 loaded at address = 0x4001010
INFO:    Loading image id=24 at address 0x4001300
INFO:    Image id=24 loaded: 0x4001300 - 0x40015e4
INFO:    FCONF: Config file with image ID:24 loaded at address = 0x4001300
INFO:    BL1: Loading BL2
INFO:    Loading image id=1 at address 0x4032000
INFO:    Image id=1 loaded: 0x4032000 - 0x403c984
NOTICE:  BL1: Booting BL2
INFO:    Entry point address = 0x4032000
INFO:    SPSR = 0x3cd
INFO:    Configuring TrustZone Controller
INFO:    Total 6 regions set.
INFO:    GPT: Boot Configuration
INFO:      PPS/T:     0x2/40
INFO:      PGS/P:     0x0/12
INFO:      L0GPTSZ/S: 0x0/30
INFO:      PAS count: 7
INFO:      L0 base:   0x405e000
INFO:    Enabling Granule Protection Checks
INFO:    FCONF: Reading FW_CONFIG firmware configuration file from: 0x4001010
INFO:    FCONF: Reading firmware configuration information for: dyn_cfg
INFO:    FCONF: Reading TB_FW firmware configuration file from: 0x4001300
NOTICE:  BL2: v2.13.0(debug):v2.13.0-754-g35291b8ac
NOTICE:  BL2: Built : 13:52:50, Oct 30 2025
INFO:    BL2: Doing platform setup
INFO:    BL2: Loading image id 3
INFO:    Loading image id=3 at address 0x4003000
INFO:    Image id=3 loaded: 0x4003000 - 0x401c1e8
INFO:    BL2: Loading image id 23
INFO:    Loading image id=23 at address 0x7f00000
INFO:    Image id=23 loaded: 0x7f00000 - 0x7f0370b
INFO:    BL2: Loading image id 25
INFO:    Loading image id=25 at address 0x4001300
INFO:    Image id=25 loaded: 0x4001300 - 0x4001348
INFO:    BL2: Loading image id 35
INFO:    Loading image id=35 at address 0xfdc00000
INFO:    Image id=35 loaded: 0xfdc00000 - 0xfdc9c840
INFO:    BL2: Loading image id 5
INFO:    Loading image id=5 at address 0x88000000
INFO:    Image id=5 loaded: 0x88000000 - 0x88280000
INFO:    BL2: Loading image id 27
INFO:    Loading image id=27 at address 0x80000000
INFO:    Image id=27 loaded: 0x80000000 - 0x80000048
NOTICE:  BL2: Booting BL31
INFO:    Entry point address = 0x4003000
INFO:    SPSR = 0x3cd
INFO:    BL31 FCONF: FW_CONFIG address = 4001010
INFO:    FCONF: Reading FW_CONFIG firmware configuration file from: 0x4001010
INFO:    FCONF: Reading firmware configuration information for: dyn_cfg
INFO:    FCONF: Reading HW_CONFIG firmware configuration file from: 0x7f00000
INFO:    FCONF: Reading firmware configuration information for: gicv3_config
INFO:    FCONF: Reading firmware configuration information for: pci_props
INFO:    FCONF: Reading firmware configuration information for: dram_layout
INFO:    FCONF: Reading firmware configuration information for: cpu_timer
INFO:    FCONF: Reading firmware configuration information for: uart_config
INFO:    FCONF: Reading firmware configuration information for: topology
NOTICE:  BL31: v2.13.0(debug):v2.13.0-754-g35291b8ac
NOTICE:  BL31: Built : 13:52:51, Oct 30 2025
INFO:    GICv3 with legacy support detected.
INFO:    ARM GICv3 driver initialized in EL3
INFO:    Maximum SPI INTID supported: 255
INFO:    BL31: Initializing runtime services
INFO:    RMM setup done.
INFO:    BL31: Initializing RMM
INFO:    RMM init start.
[   rmm ] Booting RMM v.0.7.0(debug) tf-rmm-v0.7.0-79-gb57eb11 Built: Oct 30 2025 13:46:39 with GCC 14.3.1
[   rmm ] RMM-EL3 Interface v.0.8
[   rmm ] Boot Manifest Interface v.0.5
[   rmm ] RMI ABI revision v1.1
[   rmm ] RSI ABI revision v1.1
[   rmm ] SMMUv3: mapped at 000000002B400000
[   rmm ] SMMUv3: Memory allocated at 00000000FDCCD000 for CMDQ of size 2048
[   rmm ] SMMUv3: Memory allocated at 00000000FDCCE000 for EVTQ of size 4096
[   rmm ] SMMUv3: 2lvl Stream table at 0x00000000FDCCC000 : Stream ID bits 16 : num_l1_entries 256 : l1size 2048 bytes
[   rmm ] SMMUv3: Invalidate CFG and TLB
[   rmm ] SMMUv3: Writing command to: 00000000FDCCD000
[   rmm ] SMMUv3: current_wr_idx: 0; next_wr_idx: 1
[   rmm ] SMMUv3: Writing command to: 00000000FDCCD010
[   rmm ] SMMUv3: current_wr_idx: 1; next_wr_idx: 2
[   rmm ] SMMUv3: Writing command to: 00000000FDCCD020
[   rmm ] SMMUv3: current_wr_idx: 2; next_wr_idx: 3
[   rmm ] SMMUv3: Writing command to: 00000000FDCCD030
[   rmm ] SMMUv3: current_wr_idx: 3; next_wr_idx: 4
[   rmm ] Arm SMMUv3 initialized
INFO:    RMM init end.
INFO:    BL31: Preparing for EL3 exit to normal world
INFO:    Entry point address = 0x88000000
INFO:    SPSR = 0x3c9
[   fvp ] 
[   fvp ] Info: FVP_Base_RevC_2xAEMvA: bp.sp810_sysctrl: Read Register Ox0 = 229
[  edk2 ] UEFI firmware (version  built at 13:52:16 on Oct 30 2025)
[   fvp ] 
[   fvp ] Info: FVP_Base_RevC_2xAEMvA: rootport1: Intercepted write to BAR at address 0x0000000000200010
[   fvp ] 
[   fvp ] Info: FVP_Base_RevC_2xAEMvA: rootport1: Bar is known flushing address map
[   fvp ] 
[   fvp ] Info: FVP_Base_RevC_2xAEMvA: rootport1: Updated destination of 32 bit BAR to 0xffffe000
[   fvp ] 
[   fvp ] Info: FVP_Base_RevC_2xAEMvA: rootport1: Intercepted write to BAR at address 0x0000000000200010
[   fvp ] 
[   fvp ] Info: FVP_Base_RevC_2xAEMvA: rootport1: Bar is known flushing address map
[   fvp ] 
[   fvp ] Info: FVP_Base_RevC_2xAEMvA: rootport1: Updated destination of 32 bit BAR to 0x00000000
[   fvp ] 
[   fvp ] Info: FVP_Base_RevC_2xAEMvA: rootport1: Intercepted write to BAR at address 0x0000000000200014
[   fvp ] 
[   fvp ] Info: FVP_Base_RevC_2xAEMvA: rootport1: Bar is known flushing address map
[   fvp ] 
[   fvp ] Info: FVP_Base_RevC_2xAEMvA: rootport1: Updated destination of 32 bit BAR to 0xffffe000
[   fvp ] 
[   fvp ] Info: FVP_Base_RevC_2xAEMvA: rootport1: Intercepted write to BAR at address 0x0000000000200014
[   fvp ] 
[   fvp ] Info: FVP_Base_RevC_2xAEMvA: rootport1: Bar is known flushing address map
[   fvp ] 
[   fvp ] Info: FVP_Base_RevC_2xAEMvA: rootport1: Updated destination of 32 bit BAR to 0x00000000
[   fvp ] 
[   fvp ] Info: FVP_Base_RevC_2xAEMvA: rootport1: Intercepted write to BAR at address 0x0000000000200018
[   fvp ] 
[   fvp ] Info: FVP_Base_RevC_2xAEMvA: rootport1: Bar is known flushing address map
[   fvp ] 
[   fvp ] Info: FVP_Base_RevC_2xAEMvA: rootport1: Updated destination of 32 bit BAR to 0xfffff000
[   fvp ] 
[   fvp ] Info: FVP_Base_RevC_2xAEMvA: rootport1: Intercepted write to BAR at address 0x0000000000200018
[   fvp ] 
[   fvp ] Info: FVP_Base_RevC_2xAEMvA: rootport1: Bar is known flushing address map
[   fvp ] 
[   fvp ] Info: FVP_Base_RevC_2xAEMvA: rootport1: Updated destination of 32 bit BAR to 0x00000000
[   fvp ] 
[   fvp ] Info: FVP_Base_RevC_2xAEMvA: rootport1: Intercepted write to BAR at address 0x000000000020001c
[   fvp ] 
[   fvp ] Info: FVP_Base_RevC_2xAEMvA: rootport1: Bar is known flushing address map
[   fvp ] 
[   fvp ] Info: FVP_Base_RevC_2xAEMvA: rootport1: Updated destination of 32 bit BAR to 0xffffe000
[   fvp ] 
[   fvp ] Info: FVP_Base_RevC_2xAEMvA: rootport1: Intercepted write to BAR at address 0x000000000020001c
[   fvp ] 
[   fvp ] Info: FVP_Base_RevC_2xAEMvA: rootport1: Bar is known flushing address map
[   fvp ] 
[   fvp ] Info: FVP_Base_RevC_2xAEMvA: rootport1: Updated destination of 32 bit BAR to 0x00000000
[   fvp ] 
[   fvp ] Info: FVP_Base_RevC_2xAEMvA: rootport1: Intercepted write to BAR at address 0x0000000000200020
[   fvp ] 
[   fvp ] Info: FVP_Base_RevC_2xAEMvA: rootport1: Bar is known flushing address map
[   fvp ] 
[   fvp ] Info: FVP_Base_RevC_2xAEMvA: rootport1: Updated destination of 32 bit BAR to 0xfffff000
[   fvp ] 
[   fvp ] Info: FVP_Base_RevC_2xAEMvA: rootport1: Intercepted write to BAR at address 0x0000000000200020
[   fvp ] 
[   fvp ] Info: FVP_Base_RevC_2xAEMvA: rootport1: Bar is known flushing address map
[   fvp ] 
[   fvp ] Info: FVP_Base_RevC_2xAEMvA: rootport1: Updated destination of 32 bit BAR to 0x00000000
[   fvp ] 
[   fvp ] Info: FVP_Base_RevC_2xAEMvA: rootport1: Intercepted write to BAR at address 0x0000000000200024
[   fvp ] 
[   fvp ] Info: FVP_Base_RevC_2xAEMvA: rootport1: Bar is known flushing address map
[   fvp ] 
[   fvp ] Info: FVP_Base_RevC_2xAEMvA: rootport1: Updated destination of 32 bit BAR to 0xffffe000
[   fvp ] 
[   fvp ] Info: FVP_Base_RevC_2xAEMvA: rootport1: Intercepted write to BAR at address 0x0000000000200024
[   fvp ] 
[   fvp ] Info: FVP_Base_RevC_2xAEMvA: rootport1: Bar is known flushing address map
[   fvp ] 
[   fvp ] Info: FVP_Base_RevC_2xAEMvA: rootport1: Updated destination of 32 bit BAR to 0x00000000
[   fvp ] 
[   fvp ] Info: FVP_Base_RevC_2xAEMvA: rootport1: Remaped Config Access for 0x0000000000208000 to downstream port 3f
[   fvp ] 
[   fvp ] Warning: FVP_Base_RevC_2xAEMvA: rootport1: Suppressing SERR signal, PCI command register SERR_En bit is 0
[   fvp ] In file: (unknown):0
[   fvp ] In process: FVP_Base_RevC_2xAEMvA.thread_p_34 @ 2409752960 ns
[   fvp ] 
[   fvp ] Info: FVP_Base_RevC_2xAEMvA: rootport1: Remaped Config Access for 0x0000000000210000 to downstream port 3f
[   fvp ] 
[   fvp ] Warning: FVP_Base_RevC_2xAEMvA: rootport1: Suppressing SERR signal, PCI command register SERR_En bit is 0
[   fvp ] In file: (unknown):0
[   fvp ] In process: FVP_Base_RevC_2xAEMvA.thread_p_34 @ 2409755960 ns
[   fvp ] 
[   fvp ] Info: FVP_Base_RevC_2xAEMvA: rootport1: Remaped Config Access for 0x0000000000218000 to downstream port 3f
[   fvp ] 
[   fvp ] Warning: FVP_Base_RevC_2xAEMvA: rootport1: Suppressing SERR signal, PCI command register SERR_En bit is 0
[   fvp ] In file: (unknown):0
[   fvp ] In process: FVP_Base_RevC_2xAEMvA.thread_p_34 @ 2409758670 ns
[   fvp ] 
[   fvp ] Info: FVP_Base_RevC_2xAEMvA: rootport1: Remaped Config Access for 0x0000000000220000 to downstream port 3f
[   fvp ] 
[   fvp ] Warning: FVP_Base_RevC_2xAEMvA: rootport1: Suppressing SERR signal, PCI command register SERR_En bit is 0
[   fvp ] In file: (unknown):0
[   fvp ] In process: FVP_Base_RevC_2xAEMvA.thread_p_34 @ 2409761380 ns
[   fvp ] 
[   fvp ] Info: FVP_Base_RevC_2xAEMvA: rootport1: Remaped Config Access for 0x0000000000228000 to downstream port 3f
[   fvp ] 
[   fvp ] Warning: FVP_Base_RevC_2xAEMvA: rootport1: Suppressing SERR signal, PCI command register SERR_En bit is 0
[   fvp ] In file: (unknown):0
[   fvp ] In process: FVP_Base_RevC_2xAEMvA.thread_p_34 @ 2409764090 ns
[   fvp ] 
[   fvp ] Info: FVP_Base_RevC_2xAEMvA: rootport1: Remaped Config Access for 0x0000000000230000 to downstream port 3f
[   fvp ] 
[   fvp ] Warning: FVP_Base_RevC_2xAEMvA: rootport1: Suppressing SERR signal, PCI command register SERR_En bit is 0
[   fvp ] In file: (unknown):0
[   fvp ] In process: FVP_Base_RevC_2xAEMvA.thread_p_34 @ 2409766800 ns
[   fvp ] 
[   fvp ] Info: FVP_Base_RevC_2xAEMvA: rootport1: Remaped Config Access for 0x0000000000238000 to downstream port 3f
[   fvp ] 
[   fvp ] Warning: FVP_Base_RevC_2xAEMvA: rootport1: Suppressing SERR signal, PCI command register SERR_En bit is 0
[   fvp ] In file: (unknown):0
[   fvp ] In process: FVP_Base_RevC_2xAEMvA.thread_p_34 @ 2409769310 ns
[   fvp ] 
[   fvp ] Info: FVP_Base_RevC_2xAEMvA: rootport1: Remaped Config Access for 0x0000000000240000 to downstream port 3f
[   fvp ] 
[   fvp ] Warning: FVP_Base_RevC_2xAEMvA: rootport1: Suppressing SERR signal, PCI command register SERR_En bit is 0
[   fvp ] In file: (unknown):0
[   fvp ] In process: FVP_Base_RevC_2xAEMvA.thread_p_34 @ 2409772220 ns
[   fvp ] 
[   fvp ] Info: FVP_Base_RevC_2xAEMvA: rootport1: Remaped Config Access for 0x0000000000248000 to downstream port 3f
[   fvp ] 
[   fvp ] Warning: FVP_Base_RevC_2xAEMvA: rootport1: Suppressing SERR signal, PCI command register SERR_En bit is 0
[   fvp ] In file: (unknown):0
[   fvp ] In process: FVP_Base_RevC_2xAEMvA.thread_p_34 @ 2409772220 ns
[   fvp ] 
[   fvp ] Info: FVP_Base_RevC_2xAEMvA: rootport1: Remaped Config Access for 0x0000000000250000 to downstream port 3f
[   fvp ] 
[   fvp ] Warning: FVP_Base_RevC_2xAEMvA: rootport1: Suppressing SERR signal, PCI command register SERR_En bit is 0
[   fvp ] In file: (unknown):0
[   fvp ] In process: FVP_Base_RevC_2xAEMvA.thread_p_34 @ 2409777640 ns
[   fvp ] 
[   fvp ] Info: FVP_Base_RevC_2xAEMvA: rootport1: Remaped Config Access for 0x0000000000258000 to downstream port 3f
[   fvp ] 
[   fvp ] Warning: FVP_Base_RevC_2xAEMvA: rootport1: Suppressing SERR signal, PCI command register SERR_En bit is 0
[   fvp ] In file: (unknown):0
[   fvp ] In process: FVP_Base_RevC_2xAEMvA.thread_p_34 @ 2409780350 ns
[   fvp ] 
[   fvp ] Info: FVP_Base_RevC_2xAEMvA: rootport1: Remaped Config Access for 0x0000000000260000 to downstream port 3f
[   fvp ] 
[   fvp ] Warning: FVP_Base_RevC_2xAEMvA: rootport1: Suppressing SERR signal, PCI command register SERR_En bit is 0
[   fvp ] In file: (unknown):0
[   fvp ] In process: FVP_Base_RevC_2xAEMvA.thread_p_34 @ 2409783060 ns
[   fvp ] 
[   fvp ] Info: FVP_Base_RevC_2xAEMvA: rootport1: Remaped Config Access for 0x0000000000268000 to downstream port 3f
[   fvp ] 
[   fvp ] Warning: FVP_Base_RevC_2xAEMvA: rootport1: Suppressing SERR signal, PCI command register SERR_En bit is 0
[   fvp ] In file: (unknown):0
[   fvp ] In process: FVP_Base_RevC_2xAEMvA.thread_p_34 @ 2409785770 ns
[   fvp ] 
[   fvp ] Info: FVP_Base_RevC_2xAEMvA: rootport1: Remaped Config Access for 0x0000000000270000 to downstream port 3f
[   fvp ] 
[   fvp ] Warning: FVP_Base_RevC_2xAEMvA: rootport1: Suppressing SERR signal, PCI command register SERR_En bit is 0
[   fvp ] In file: (unknown):0
[   fvp ] In process: FVP_Base_RevC_2xAEMvA.thread_p_34 @ 2409788480 ns
[   fvp ] 
[   fvp ] Info: FVP_Base_RevC_2xAEMvA: rootport1: Remaped Config Access for 0x0000000000278000 to downstream port 3f
[   fvp ] 
[   fvp ] Warning: FVP_Base_RevC_2xAEMvA: rootport1: Suppressing SERR signal, PCI command register SERR_En bit is 0
[   fvp ] In file: (unknown):0
[   fvp ] In process: FVP_Base_RevC_2xAEMvA.thread_p_34 @ 2409788480 ns
[   fvp ] 
[   fvp ] Info: FVP_Base_RevC_2xAEMvA: rootport1: Remaped Config Access for 0x0000000000280000 to downstream port 3f
[   fvp ] 
[   fvp ] Warning: FVP_Base_RevC_2xAEMvA: rootport1: Suppressing SERR signal, PCI command register SERR_En bit is 0
[   fvp ] In file: (unknown):0
[   fvp ] In process: FVP_Base_RevC_2xAEMvA.thread_p_34 @ 2409793900 ns
[   fvp ] 
[   fvp ] Info: FVP_Base_RevC_2xAEMvA: rootport1: Remaped Config Access for 0x0000000000288000 to downstream port 3f
[   fvp ] 
[   fvp ] Warning: FVP_Base_RevC_2xAEMvA: rootport1: Suppressing SERR signal, PCI command register SERR_En bit is 0
[   fvp ] In file: (unknown):0
[   fvp ] In process: FVP_Base_RevC_2xAEMvA.thread_p_34 @ 2409796610 ns
[   fvp ] 
[   fvp ] Info: FVP_Base_RevC_2xAEMvA: rootport1: Remaped Config Access for 0x0000000000290000 to downstream port 3f
[   fvp ] 
[   fvp ] Warning: FVP_Base_RevC_2xAEMvA: rootport1: Suppressing SERR signal, PCI command register SERR_En bit is 0
[   fvp ] In file: (unknown):0
[   fvp ] In process: FVP_Base_RevC_2xAEMvA.thread_p_34 @ 2409796610 ns
[   fvp ] 
[   fvp ] Info: FVP_Base_RevC_2xAEMvA: rootport1: Remaped Config Access for 0x0000000000298000 to downstream port 3f
[   fvp ] 
[   fvp ] Warning: FVP_Base_RevC_2xAEMvA: rootport1: Suppressing SERR signal, PCI command register SERR_En bit is 0
[   fvp ] In file: (unknown):0
[   fvp ] In process: FVP_Base_RevC_2xAEMvA.thread_p_34 @ 2409802030 ns
[   fvp ] 
[   fvp ] Info: FVP_Base_RevC_2xAEMvA: rootport1: Remaped Config Access for 0x00000000002a0000 to downstream port 3f
[   fvp ] 
[   fvp ] Warning: FVP_Base_RevC_2xAEMvA: rootport1: Suppressing SERR signal, PCI command register SERR_En bit is 0
[   fvp ] In file: (unknown):0
[   fvp ] In process: FVP_Base_RevC_2xAEMvA.thread_p_34 @ 2409804740 ns
[   fvp ] 
[   fvp ] Info: FVP_Base_RevC_2xAEMvA: rootport1: Remaped Config Access for 0x00000000002a8000 to downstream port 3f
[   fvp ] 
[   fvp ] Warning: FVP_Base_RevC_2xAEMvA: rootport1: Suppressing SERR signal, PCI command register SERR_En bit is 0
[   fvp ] In file: (unknown):0
[   fvp ] In process: FVP_Base_RevC_2xAEMvA.thread_p_34 @ 2409807450 ns
[   fvp ] 
[   fvp ] Info: FVP_Base_RevC_2xAEMvA: rootport1: Remaped Config Access for 0x00000000002b0000 to downstream port 3f
[   fvp ] 
[   fvp ] Warning: FVP_Base_RevC_2xAEMvA: rootport1: Suppressing SERR signal, PCI command register SERR_En bit is 0
[   fvp ] In file: (unknown):0
[   fvp ] In process: FVP_Base_RevC_2xAEMvA.thread_p_34 @ 2409810160 ns
[   fvp ] 
[   fvp ] Info: FVP_Base_RevC_2xAEMvA: rootport1: Remaped Config Access for 0x00000000002b8000 to downstream port 3f
[   fvp ] 
[   fvp ] Warning: FVP_Base_RevC_2xAEMvA: rootport1: Suppressing SERR signal, PCI command register SERR_En bit is 0
[   fvp ] In file: (unknown):0
[   fvp ] In process: FVP_Base_RevC_2xAEMvA.thread_p_34 @ 2409812870 ns
[   fvp ] 
[   fvp ] Info: FVP_Base_RevC_2xAEMvA: rootport1: Remaped Config Access for 0x00000000002c0000 to downstream port 3f
[   fvp ] 
[   fvp ] Warning: FVP_Base_RevC_2xAEMvA: rootport1: Suppressing SERR signal, PCI command register SERR_En bit is 0
[   fvp ] In file: (unknown):0
[   fvp ] In process: FVP_Base_RevC_2xAEMvA.thread_p_34 @ 2409812870 ns
[   fvp ] 
[   fvp ] Info: FVP_Base_RevC_2xAEMvA: rootport1: Remaped Config Access for 0x00000000002c8000 to downstream port 3f
[   fvp ] 
[   fvp ] Warning: FVP_Base_RevC_2xAEMvA: rootport1: Suppressing SERR signal, PCI command register SERR_En bit is 0
[   fvp ] In file: (unknown):0
[   fvp ] In process: FVP_Base_RevC_2xAEMvA.thread_p_34 @ 2409818290 ns
[   fvp ] 
[   fvp ] Info: FVP_Base_RevC_2xAEMvA: rootport1: Remaped Config Access for 0x00000000002d0000 to downstream port 3f
[   fvp ] 
[   fvp ] Warning: FVP_Base_RevC_2xAEMvA: rootport1: Suppressing SERR signal, PCI command register SERR_En bit is 0
[   fvp ] In file: (unknown):0
[   fvp ] In process: FVP_Base_RevC_2xAEMvA.thread_p_34 @ 2409821 us
[   fvp ] 
[   fvp ] Info: FVP_Base_RevC_2xAEMvA: rootport1: Remaped Config Access for 0x00000000002d8000 to downstream port 3f
[   fvp ] 
[   fvp ] Warning: FVP_Base_RevC_2xAEMvA: rootport1: Suppressing SERR signal, PCI command register SERR_En bit is 0
[   fvp ] In file: (unknown):0
[   fvp ] In process: FVP_Base_RevC_2xAEMvA.thread_p_34 @ 2409823710 ns
[   fvp ] 
[   fvp ] Info: FVP_Base_RevC_2xAEMvA: rootport1: Remaped Config Access for 0x00000000002e0000 to downstream port 3f
[   fvp ] 
[   fvp ] Warning: FVP_Base_RevC_2xAEMvA: rootport1: Suppressing SERR signal, PCI command register SERR_En bit is 0
[   fvp ] In file: (unknown):0
[   fvp ] In process: FVP_Base_RevC_2xAEMvA.thread_p_34 @ 2409826420 ns
[   fvp ] 
[   fvp ] Info: FVP_Base_RevC_2xAEMvA: rootport1: Remaped Config Access for 0x00000000002e8000 to downstream port 3f
[   fvp ] 
[   fvp ] Warning: FVP_Base_RevC_2xAEMvA: rootport1: Suppressing SERR signal, PCI command register SERR_En bit is 0
[   fvp ] In file: (unknown):0
[   fvp ] In process: FVP_Base_RevC_2xAEMvA.thread_p_34 @ 2409828390 ns
[   fvp ] 
[   fvp ] Info: FVP_Base_RevC_2xAEMvA: rootport1: Remaped Config Access for 0x00000000002f0000 to downstream port 3f
[   fvp ] 
[   fvp ] Warning: FVP_Base_RevC_2xAEMvA: rootport1: Suppressing SERR signal, PCI command register SERR_En bit is 0
[   fvp ] In file: (unknown):0
[   fvp ] In process: FVP_Base_RevC_2xAEMvA.thread_p_34 @ 2409831840 ns
[   fvp ] 
[   fvp ] Info: FVP_Base_RevC_2xAEMvA: rootport1: Remaped Config Access for 0x00000000002f8000 to downstream port 3f
[   fvp ] 
[   fvp ] Warning: FVP_Base_RevC_2xAEMvA: rootport1: Suppressing SERR signal, PCI command register SERR_En bit is 0
[   fvp ] In file: (unknown):0
[   fvp ] In process: FVP_Base_RevC_2xAEMvA.thread_p_34 @ 2409834550 ns
[   fvp ] 
[   fvp ] Info: FVP_Base_RevC_2xAEMvA: rootport1: Intercepted write to BAR at address 0x0000000000200010
[   fvp ] 
[   fvp ] Info: FVP_Base_RevC_2xAEMvA: rootport1: Bar is known flushing address map
[   fvp ] 
[   fvp ] Info: FVP_Base_RevC_2xAEMvA: rootport1: Updated destination of 32 bit BAR to 0xffffe000
[   fvp ] 
[   fvp ] Info: FVP_Base_RevC_2xAEMvA: rootport1: Intercepted write to BAR at address 0x0000000000200010
[   fvp ] 
[   fvp ] Info: FVP_Base_RevC_2xAEMvA: rootport1: Bar is known flushing address map
[   fvp ] 
[   fvp ] Info: FVP_Base_RevC_2xAEMvA: rootport1: Updated destination of 32 bit BAR to 0x00000000
[   fvp ] 
[   fvp ] Info: FVP_Base_RevC_2xAEMvA: rootport1: Intercepted write to BAR at address 0x0000000000200014
[   fvp ] 
[   fvp ] Info: FVP_Base_RevC_2xAEMvA: rootport1: Bar is known flushing address map
[   fvp ] 
[   fvp ] Info: FVP_Base_RevC_2xAEMvA: rootport1: Updated destination of 32 bit BAR to 0xffffe000
[   fvp ] 
[   fvp ] Info: FVP_Base_RevC_2xAEMvA: rootport1: Intercepted write to BAR at address 0x0000000000200014
[   fvp ] 
[   fvp ] Info: FVP_Base_RevC_2xAEMvA: rootport1: Bar is known flushing address map
[   fvp ] 
[   fvp ] Info: FVP_Base_RevC_2xAEMvA: rootport1: Updated destination of 32 bit BAR to 0x00000000
[   fvp ] 
[   fvp ] Info: FVP_Base_RevC_2xAEMvA: rootport1: Intercepted write to BAR at address 0x0000000000200018
[   fvp ] 
[   fvp ] Info: FVP_Base_RevC_2xAEMvA: rootport1: Bar is known flushing address map
[   fvp ] 
[   fvp ] Info: FVP_Base_RevC_2xAEMvA: rootport1: Updated destination of 32 bit BAR to 0xfffff000
[   fvp ] 
[   fvp ] Info: FVP_Base_RevC_2xAEMvA: rootport1: Intercepted write to BAR at address 0x0000000000200018
[   fvp ] 
[   fvp ] Info: FVP_Base_RevC_2xAEMvA: rootport1: Bar is known flushing address map
[   fvp ] 
[   fvp ] Info: FVP_Base_RevC_2xAEMvA: rootport1: Updated destination of 32 bit BAR to 0x00000000
[   fvp ] 
[   fvp ] Info: FVP_Base_RevC_2xAEMvA: rootport1: Intercepted write to BAR at address 0x000000000020001c
[   fvp ] 
[   fvp ] Info: FVP_Base_RevC_2xAEMvA: rootport1: Bar is known flushing address map
[   fvp ] 
[   fvp ] Info: FVP_Base_RevC_2xAEMvA: rootport1: Updated destination of 32 bit BAR to 0xffffe000
[   fvp ] 
[   fvp ] Info: FVP_Base_RevC_2xAEMvA: rootport1: Intercepted write to BAR at address 0x000000000020001c
[   fvp ] 
[   fvp ] Info: FVP_Base_RevC_2xAEMvA: rootport1: Bar is known flushing address map
[   fvp ] 
[   fvp ] Info: FVP_Base_RevC_2xAEMvA: rootport1: Updated destination of 32 bit BAR to 0x00000000
[   fvp ] 
[   fvp ] Info: FVP_Base_RevC_2xAEMvA: rootport1: Intercepted write to BAR at address 0x0000000000200020
[   fvp ] 
[   fvp ] Info: FVP_Base_RevC_2xAEMvA: rootport1: Bar is known flushing address map
[   fvp ] 
[   fvp ] Info: FVP_Base_RevC_2xAEMvA: rootport1: Updated destination of 32 bit BAR to 0xfffff000
[   fvp ] 
[   fvp ] Info: FVP_Base_RevC_2xAEMvA: rootport1: Intercepted write to BAR at address 0x0000000000200020
[   fvp ] 
[   fvp ] Info: FVP_Base_RevC_2xAEMvA: rootport1: Bar is known flushing address map
[   fvp ] 
[   fvp ] Info: FVP_Base_RevC_2xAEMvA: rootport1: Updated destination of 32 bit BAR to 0x00000000
[   fvp ] 
[   fvp ] Info: FVP_Base_RevC_2xAEMvA: rootport1: Intercepted write to BAR at address 0x0000000000200024
[   fvp ] 
[   fvp ] Info: FVP_Base_RevC_2xAEMvA: rootport1: Bar is known flushing address map
[   fvp ] 
[   fvp ] Info: FVP_Base_RevC_2xAEMvA: rootport1: Updated destination of 32 bit BAR to 0xffffe000
[   fvp ] 
[   fvp ] Info: FVP_Base_RevC_2xAEMvA: rootport1: Intercepted write to BAR at address 0x0000000000200024
[   fvp ] 
[   fvp ] Info: FVP_Base_RevC_2xAEMvA: rootport1: Bar is known flushing address map
[   fvp ] 
[   fvp ] Info: FVP_Base_RevC_2xAEMvA: rootport1: Updated destination of 32 bit BAR to 0x00000000
[   fvp ] 
[   fvp ] Info: FVP_Base_RevC_2xAEMvA: rootport1: Remaped Config Access for 0x0000000000208000 to downstream port 3f
[   fvp ] 
[   fvp ] Warning: FVP_Base_RevC_2xAEMvA: rootport1: Suppressing SERR signal, PCI command register SERR_En bit is 0
[   fvp ] In file: (unknown):0
[   fvp ] In process: FVP_Base_RevC_2xAEMvA.thread_p_34 @ 2411386880 ns
[   fvp ] 
[   fvp ] Info: FVP_Base_RevC_2xAEMvA: rootport1: Remaped Config Access for 0x0000000000210000 to downstream port 3f
[   fvp ] 
[   fvp ] Warning: FVP_Base_RevC_2xAEMvA: rootport1: Suppressing SERR signal, PCI command register SERR_En bit is 0
[   fvp ] In file: (unknown):0
[   fvp ] In process: FVP_Base_RevC_2xAEMvA.thread_p_34 @ 2411389820 ns
[   fvp ] 
[   fvp ] Info: FVP_Base_RevC_2xAEMvA: rootport1: Remaped Config Access for 0x0000000000218000 to downstream port 3f
[   fvp ] 
[   fvp ] Warning: FVP_Base_RevC_2xAEMvA: rootport1: Suppressing SERR signal, PCI command register SERR_En bit is 0
[   fvp ] In file: (unknown):0
[   fvp ] In process: FVP_Base_RevC_2xAEMvA.thread_p_34 @ 2411392470 ns
[   fvp ] 
[   fvp ] Info: FVP_Base_RevC_2xAEMvA: rootport1: Remaped Config Access for 0x0000000000220000 to downstream port 3f
[   fvp ] 
[   fvp ] Warning: FVP_Base_RevC_2xAEMvA: rootport1: Suppressing SERR signal, PCI command register SERR_En bit is 0
[   fvp ] In file: (unknown):0
[   fvp ] In process: FVP_Base_RevC_2xAEMvA.thread_p_34 @ 2411395120 ns
[   fvp ] 
[   fvp ] Info: FVP_Base_RevC_2xAEMvA: rootport1: Remaped Config Access for 0x0000000000228000 to downstream port 3f
[   fvp ] 
[   fvp ] Warning: FVP_Base_RevC_2xAEMvA: rootport1: Suppressing SERR signal, PCI command register SERR_En bit is 0
[   fvp ] In file: (unknown):0
[   fvp ] In process: FVP_Base_RevC_2xAEMvA.thread_p_34 @ 2411397770 ns
[   fvp ] 
[   fvp ] Info: FVP_Base_RevC_2xAEMvA: rootport1: Remaped Config Access for 0x0000000000230000 to downstream port 3f
[   fvp ] 
[   fvp ] Warning: FVP_Base_RevC_2xAEMvA: rootport1: Suppressing SERR signal, PCI command register SERR_En bit is 0
[   fvp ] In file: (unknown):0
[   fvp ] In process: FVP_Base_RevC_2xAEMvA.thread_p_34 @ 2411400220 ns
[   fvp ] 
[   fvp ] Info: FVP_Base_RevC_2xAEMvA: rootport1: Remaped Config Access for 0x0000000000238000 to downstream port 3f
[   fvp ] 
[   fvp ] Warning: FVP_Base_RevC_2xAEMvA: rootport1: Suppressing SERR signal, PCI command register SERR_En bit is 0
[   fvp ] In file: (unknown):0
[   fvp ] In process: FVP_Base_RevC_2xAEMvA.thread_p_34 @ 2411403070 ns
[   fvp ] 
[   fvp ] Info: FVP_Base_RevC_2xAEMvA: rootport1: Remaped Config Access for 0x0000000000240000 to downstream port 3f
[   fvp ] 
[   fvp ] Warning: FVP_Base_RevC_2xAEMvA: rootport1: Suppressing SERR signal, PCI command register SERR_En bit is 0
[   fvp ] In file: (unknown):0
[   fvp ] In process: FVP_Base_RevC_2xAEMvA.thread_p_34 @ 2411405720 ns
[   fvp ] 
[   fvp ] Info: FVP_Base_RevC_2xAEMvA: rootport1: Remaped Config Access for 0x0000000000248000 to downstream port 3f
[   fvp ] 
[   fvp ] Warning: FVP_Base_RevC_2xAEMvA: rootport1: Suppressing SERR signal, PCI command register SERR_En bit is 0
[   fvp ] In file: (unknown):0
[   fvp ] In process: FVP_Base_RevC_2xAEMvA.thread_p_34 @ 2411408370 ns
[   fvp ] 
[   fvp ] Info: FVP_Base_RevC_2xAEMvA: rootport1: Remaped Config Access for 0x0000000000250000 to downstream port 3f
[   fvp ] 
[   fvp ] Warning: FVP_Base_RevC_2xAEMvA: rootport1: Suppressing SERR signal, PCI command register SERR_En bit is 0
[   fvp ] In file: (unknown):0
[   fvp ] In process: FVP_Base_RevC_2xAEMvA.thread_p_34 @ 2411411020 ns
[   fvp ] 
[   fvp ] Info: FVP_Base_RevC_2xAEMvA: rootport1: Remaped Config Access for 0x0000000000258000 to downstream port 3f
[   fvp ] 
[   fvp ] Warning: FVP_Base_RevC_2xAEMvA: rootport1: Suppressing SERR signal, PCI command register SERR_En bit is 0
[   fvp ] In file: (unknown):0
[   fvp ] In process: FVP_Base_RevC_2xAEMvA.thread_p_34 @ 2411413670 ns
[   fvp ] 
[   fvp ] Info: FVP_Base_RevC_2xAEMvA: rootport1: Remaped Config Access for 0x0000000000260000 to downstream port 3f
[   fvp ] 
[   fvp ] Warning: FVP_Base_RevC_2xAEMvA: rootport1: Suppressing SERR signal, PCI command register SERR_En bit is 0
[   fvp ] In file: (unknown):0
[   fvp ] In process: FVP_Base_RevC_2xAEMvA.thread_p_34 @ 2411416320 ns
[   fvp ] 
[   fvp ] Info: FVP_Base_RevC_2xAEMvA: rootport1: Remaped Config Access for 0x0000000000268000 to downstream port 3f
[   fvp ] 
[   fvp ] Warning: FVP_Base_RevC_2xAEMvA: rootport1: Suppressing SERR signal, PCI command register SERR_En bit is 0
[   fvp ] In file: (unknown):0
[   fvp ] In process: FVP_Base_RevC_2xAEMvA.thread_p_34 @ 2411418110 ns
[   fvp ] 
[   fvp ] Info: FVP_Base_RevC_2xAEMvA: rootport1: Remaped Config Access for 0x0000000000270000 to downstream port 3f
[   fvp ] 
[   fvp ] Warning: FVP_Base_RevC_2xAEMvA: rootport1: Suppressing SERR signal, PCI command register SERR_En bit is 0
[   fvp ] In file: (unknown):0
[   fvp ] In process: FVP_Base_RevC_2xAEMvA.thread_p_34 @ 2411421620 ns
[   fvp ] 
[   fvp ] Info: FVP_Base_RevC_2xAEMvA: rootport1: Remaped Config Access for 0x0000000000278000 to downstream port 3f
[   fvp ] 
[   fvp ] Warning: FVP_Base_RevC_2xAEMvA: rootport1: Suppressing SERR signal, PCI command register SERR_En bit is 0
[   fvp ] In file: (unknown):0
[   fvp ] In process: FVP_Base_RevC_2xAEMvA.thread_p_34 @ 2411424270 ns
[   fvp ] 
[   fvp ] Info: FVP_Base_RevC_2xAEMvA: rootport1: Remaped Config Access for 0x0000000000280000 to downstream port 3f
[   fvp ] 
[   fvp ] Warning: FVP_Base_RevC_2xAEMvA: rootport1: Suppressing SERR signal, PCI command register SERR_En bit is 0
[   fvp ] In file: (unknown):0
[   fvp ] In process: FVP_Base_RevC_2xAEMvA.thread_p_34 @ 2411426920 ns
[   fvp ] 
[   fvp ] Info: FVP_Base_RevC_2xAEMvA: rootport1: Remaped Config Access for 0x0000000000288000 to downstream port 3f
[   fvp ] 
[   fvp ] Warning: FVP_Base_RevC_2xAEMvA: rootport1: Suppressing SERR signal, PCI command register SERR_En bit is 0
[   fvp ] In file: (unknown):0
[   fvp ] In process: FVP_Base_RevC_2xAEMvA.thread_p_34 @ 2411428710 ns
[   fvp ] 
[   fvp ] Info: FVP_Base_RevC_2xAEMvA: rootport1: Remaped Config Access for 0x0000000000290000 to downstream port 3f
[   fvp ] 
[   fvp ] Warning: FVP_Base_RevC_2xAEMvA: rootport1: Suppressing SERR signal, PCI command register SERR_En bit is 0
[   fvp ] In file: (unknown):0
[   fvp ] In process: FVP_Base_RevC_2xAEMvA.thread_p_34 @ 2411432220 ns
[   fvp ] 
[   fvp ] Info: FVP_Base_RevC_2xAEMvA: rootport1: Remaped Config Access for 0x0000000000298000 to downstream port 3f
[   fvp ] 
[   fvp ] Warning: FVP_Base_RevC_2xAEMvA: rootport1: Suppressing SERR signal, PCI command register SERR_En bit is 0
[   fvp ] In file: (unknown):0
[   fvp ] In process: FVP_Base_RevC_2xAEMvA.thread_p_34 @ 2411434870 ns
[   fvp ] 
[   fvp ] Info: FVP_Base_RevC_2xAEMvA: rootport1: Remaped Config Access for 0x00000000002a0000 to downstream port 3f
[   fvp ] 
[   fvp ] Warning: FVP_Base_RevC_2xAEMvA: rootport1: Suppressing SERR signal, PCI command register SERR_En bit is 0
[   fvp ] In file: (unknown):0
[   fvp ] In process: FVP_Base_RevC_2xAEMvA.thread_p_34 @ 2411434870 ns
[   fvp ] 
[   fvp ] Info: FVP_Base_RevC_2xAEMvA: rootport1: Remaped Config Access for 0x00000000002a8000 to downstream port 3f
[   fvp ] 
[   fvp ] Warning: FVP_Base_RevC_2xAEMvA: rootport1: Suppressing SERR signal, PCI command register SERR_En bit is 0
[   fvp ] In file: (unknown):0
[   fvp ] In process: FVP_Base_RevC_2xAEMvA.thread_p_34 @ 2411440160 ns
[   fvp ] 
[   fvp ] Info: FVP_Base_RevC_2xAEMvA: rootport1: Remaped Config Access for 0x00000000002b0000 to downstream port 3f
[   fvp ] 
[   fvp ] Warning: FVP_Base_RevC_2xAEMvA: rootport1: Suppressing SERR signal, PCI command register SERR_En bit is 0
[   fvp ] In file: (unknown):0
[   fvp ] In process: FVP_Base_RevC_2xAEMvA.thread_p_34 @ 2411442820 ns
[   fvp ] 
[   fvp ] Info: FVP_Base_RevC_2xAEMvA: rootport1: Remaped Config Access for 0x00000000002b8000 to downstream port 3f
[   fvp ] 
[   fvp ] Warning: FVP_Base_RevC_2xAEMvA: rootport1: Suppressing SERR signal, PCI command register SERR_En bit is 0
[   fvp ] In file: (unknown):0
[   fvp ] In process: FVP_Base_RevC_2xAEMvA.thread_p_34 @ 2411445470 ns
[   fvp ] 
[   fvp ] Info: FVP_Base_RevC_2xAEMvA: rootport1: Remaped Config Access for 0x00000000002c0000 to downstream port 3f
[   fvp ] 
[   fvp ] Warning: FVP_Base_RevC_2xAEMvA: rootport1: Suppressing SERR signal, PCI command register SERR_En bit is 0
[   fvp ] In file: (unknown):0
[   fvp ] In process: FVP_Base_RevC_2xAEMvA.thread_p_34 @ 2411448120 ns
[   fvp ] 
[   fvp ] Info: FVP_Base_RevC_2xAEMvA: rootport1: Remaped Config Access for 0x00000000002c8000 to downstream port 3f
[   fvp ] 
[   fvp ] Warning: FVP_Base_RevC_2xAEMvA: rootport1: Suppressing SERR signal, PCI command register SERR_En bit is 0
[   fvp ] In file: (unknown):0
[   fvp ] In process: FVP_Base_RevC_2xAEMvA.thread_p_34 @ 2411450770 ns
[   fvp ] 
[   fvp ] Info: FVP_Base_RevC_2xAEMvA: rootport1: Remaped Config Access for 0x00000000002d0000 to downstream port 3f
[   fvp ] 
[   fvp ] Warning: FVP_Base_RevC_2xAEMvA: rootport1: Suppressing SERR signal, PCI command register SERR_En bit is 0
[   fvp ] In file: (unknown):0
[   fvp ] In process: FVP_Base_RevC_2xAEMvA.thread_p_34 @ 2411453420 ns
[   fvp ] 
[   fvp ] Info: FVP_Base_RevC_2xAEMvA: rootport1: Remaped Config Access for 0x00000000002d8000 to downstream port 3f
[   fvp ] 
[   fvp ] Warning: FVP_Base_RevC_2xAEMvA: rootport1: Suppressing SERR signal, PCI command register SERR_En bit is 0
[   fvp ] In file: (unknown):0
[   fvp ] In process: FVP_Base_RevC_2xAEMvA.thread_p_34 @ 2411456070 ns
[   fvp ] 
[   fvp ] Info: FVP_Base_RevC_2xAEMvA: rootport1: Remaped Config Access for 0x00000000002e0000 to downstream port 3f
[   fvp ] 
[   fvp ] Warning: FVP_Base_RevC_2xAEMvA: rootport1: Suppressing SERR signal, PCI command register SERR_En bit is 0
[   fvp ] In file: (unknown):0
[   fvp ] In process: FVP_Base_RevC_2xAEMvA.thread_p_34 @ 2411458720 ns
[   fvp ] 
[   fvp ] Info: FVP_Base_RevC_2xAEMvA: rootport1: Remaped Config Access for 0x00000000002e8000 to downstream port 3f
[   fvp ] 
[   fvp ] Warning: FVP_Base_RevC_2xAEMvA: rootport1: Suppressing SERR signal, PCI command register SERR_En bit is 0
[   fvp ] In file: (unknown):0
[   fvp ] In process: FVP_Base_RevC_2xAEMvA.thread_p_34 @ 2411461370 ns
[   fvp ] 
[   fvp ] Info: FVP_Base_RevC_2xAEMvA: rootport1: Remaped Config Access for 0x00000000002f0000 to downstream port 3f
[   fvp ] 
[   fvp ] Warning: FVP_Base_RevC_2xAEMvA: rootport1: Suppressing SERR signal, PCI command register SERR_En bit is 0
[   fvp ] In file: (unknown):0
[   fvp ] In process: FVP_Base_RevC_2xAEMvA.thread_p_34 @ 2411461370 ns
[   fvp ] 
[   fvp ] Info: FVP_Base_RevC_2xAEMvA: rootport1: Remaped Config Access for 0x00000000002f8000 to downstream port 3f
[   fvp ] 
[   fvp ] Warning: FVP_Base_RevC_2xAEMvA: rootport1: Suppressing SERR signal, PCI command register SERR_En bit is 0
[   fvp ] In file: (unknown):0
[   fvp ] In process: FVP_Base_RevC_2xAEMvA.thread_p_34 @ 2411466670 ns
[   fvp ] 
[   fvp ] Info: FVP_Base_RevC_2xAEMvA: rootport1: Intercepted write to BAR at address 0x0000000000200024
[   fvp ] 
[   fvp ] Info: FVP_Base_RevC_2xAEMvA: rootport1: Bar is known flushing address map
[   fvp ] 
[   fvp ] Info: FVP_Base_RevC_2xAEMvA: rootport1: Updated destination of 32 bit BAR to 0x50000000
[   fvp ] 
[   fvp ] Info: FVP_Base_RevC_2xAEMvA: rootport1: Intercepted write to BAR at address 0x000000000020001c
[   fvp ] 
[   fvp ] Info: FVP_Base_RevC_2xAEMvA: rootport1: Bar is known flushing address map
[   fvp ] 
[   fvp ] Info: FVP_Base_RevC_2xAEMvA: rootport1: Updated destination of 32 bit BAR to 0x50002000
[   fvp ] 
[   fvp ] Info: FVP_Base_RevC_2xAEMvA: rootport1: Intercepted write to BAR at address 0x0000000000200014
[   fvp ] 
[   fvp ] Info: FVP_Base_RevC_2xAEMvA: rootport1: Bar is known flushing address map
[   fvp ] 
[   fvp ] Info: FVP_Base_RevC_2xAEMvA: rootport1: Updated destination of 32 bit BAR to 0x50004000
[   fvp ] 
[   fvp ] Info: FVP_Base_RevC_2xAEMvA: rootport1: Intercepted write to BAR at address 0x0000000000200010
[   fvp ] 
[   fvp ] Info: FVP_Base_RevC_2xAEMvA: rootport1: Bar is known flushing address map
[   fvp ] 
[   fvp ] Info: FVP_Base_RevC_2xAEMvA: rootport1: Updated destination of 32 bit BAR to 0x50006000
[   fvp ] 
[   fvp ] Info: FVP_Base_RevC_2xAEMvA: rootport1: Intercepted write to BAR at address 0x0000000000200020
[   fvp ] 
[   fvp ] Info: FVP_Base_RevC_2xAEMvA: rootport1: Bar is known flushing address map
[   fvp ] 
[   fvp ] Info: FVP_Base_RevC_2xAEMvA: rootport1: Updated destination of 32 bit BAR to 0x50008000
[   fvp ] 
[   fvp ] Info: FVP_Base_RevC_2xAEMvA: rootport1: Intercepted write to BAR at address 0x0000000000200018
[   fvp ] 
[   fvp ] Info: FVP_Base_RevC_2xAEMvA: rootport1: Bar is known flushing address map
[   fvp ] 
[   fvp ] Info: FVP_Base_RevC_2xAEMvA: rootport1: Updated destination of 32 bit BAR to 0x50009000
Press ESCAPE for boot options ...........
[   fvp ] 
[   fvp ] Info: FVP_Base_RevC_2xAEMvA: rootport1: Memory Access for 0x000000005000000c
[   fvp ] 
[   fvp ] Info: FVP_Base_RevC_2xAEMvA: rootport1: Remapped to downstream port 0 at offset 0000000000008000
[   fvp ] 
[   fvp ] Info: FVP_Base_RevC_2xAEMvA: rootport1: Memory Access for 0x0000000050000004
[   fvp ] 
[   fvp ] Info: FVP_Base_RevC_2xAEMvA: rootport1: Remapped to downstream port 0 at offset 0000000000008000
[   fvp ] 
[   fvp ] Info: FVP_Base_RevC_2xAEMvA: rootport1: Memory Access for 0x0000000050000004
[   fvp ] 
[   fvp ] Info: FVP_Base_RevC_2xAEMvA: rootport1: Remapped to downstream port 0 at offset 0000000000008000
[   fvp ] 
[   fvp ] Info: FVP_Base_RevC_2xAEMvA: rootport1: Memory Access for 0x000000005000000c
[   fvp ] 
[   fvp ] Info: FVP_Base_RevC_2xAEMvA: rootport1: Remapped to downstream port 0 at offset 0000000000008000
[   fvp ] 
[   fvp ] Info: FVP_Base_RevC_2xAEMvA: rootport1: Memory Access for 0x0000000050000108
[   fvp ] 
[   fvp ] Info: FVP_Base_RevC_2xAEMvA: rootport1: Remapped to downstream port 0 at offset 0000000000008000
[   fvp ] 
[   fvp ] Info: FVP_Base_RevC_2xAEMvA: rootport1: Memory Access for 0x0000000050000118
[   fvp ] 
[   fvp ] Info: FVP_Base_RevC_2xAEMvA: rootport1: Remapped to downstream port 0 at offset 0000000000008000
[   fvp ] 
[   fvp ] Info: FVP_Base_RevC_2xAEMvA: rootport1: Memory Access for 0x0000000050000118
[   fvp ] 
[   fvp ] Info: FVP_Base_RevC_2xAEMvA: rootport1: Remapped to downstream port 0 at offset 0000000000008000
[   fvp ] 
[   fvp ] Info: FVP_Base_RevC_2xAEMvA: rootport1: Memory Access for 0x0000000050000118
[   fvp ] 
[   fvp ] Info: FVP_Base_RevC_2xAEMvA: rootport1: Remapped to downstream port 0 at offset 0000000000008000
[   fvp ] 
[   fvp ] Info: FVP_Base_RevC_2xAEMvA: rootport1: Memory Access for 0x0000000050000118
[   fvp ] 
[   fvp ] Info: FVP_Base_RevC_2xAEMvA: rootport1: Remapped to downstream port 0 at offset 0000000000008000
[   fvp ] 
[   fvp ] Info: FVP_Base_RevC_2xAEMvA: rootport1: Memory Access for 0x0000000050000118
[   fvp ] 
[   fvp ] Info: FVP_Base_RevC_2xAEMvA: rootport1: Remapped to downstream port 0 at offset 0000000000008000
[   fvp ] 
[   fvp ] Info: FVP_Base_RevC_2xAEMvA: rootport1: Memory Access for 0x0000000050000118
[   fvp ] 
[   fvp ] Info: FVP_Base_RevC_2xAEMvA: rootport1: Remapped to downstream port 0 at offset 0000000000008000
[   fvp ] 
[   fvp ] Info: FVP_Base_RevC_2xAEMvA: rootport1: Memory Access for 0x0000000050000118
[   fvp ] 
[   fvp ] Info: FVP_Base_RevC_2xAEMvA: rootport1: Remapped to downstream port 0 at offset 0000000000008000
[   fvp ] 
[   fvp ] Info: FVP_Base_RevC_2xAEMvA: rootport1: Memory Access for 0x0000000050000118
[   fvp ] 
[   fvp ] Info: FVP_Base_RevC_2xAEMvA: rootport1: Remapped to downstream port 0 at offset 0000000000008000
UEFI Interactive Shell v2.2
EDK II
UEFI v2.70 (EDK II, 0x00010000)
Mapping table
      FS2: Alias(s):F5:
          VenHw(C5B9C74A-6D72-4719-99AB-C59F199091EB)
      FS1: Alias(s):F1:
          MemoryMapped(0xB,0x88000000,0x8827FFFF)
      FS0: Alias(s):F0:
          Fv(87940482-FC81-41C3-87E6-399CF85AC8A0)
     BLK3: Alias(s):
          VenHw(DE6AE758-D662-4E17-A97C-4C5964DA4C41,00)
     BLK4: Alias(s):
          VenHw(DE6AE758-D662-4E17-A97C-4C5964DA4C41,01)
     BLK5: Alias(s):
          VenHw(DE6AE758-D662-4E17-A97C-4C5964DA4C41,02)
     BLK6: Alias(s):
          VenHw(DE6AE758-D662-4E17-A97C-4C5964DA4C41,03)
     BLK1: Alias(s):
          VenHw(09831032-6FA3-4484-AF4F-0A000A8D3A82)
     BLK0: Alias(s):
          PcieRoot(0x0)/Pci(0x2,0x0)/Pci(0x0,0x0)/Sata(0x0,0xFFFF,0x0)
     BLK2: Alias(s):
          VenHw(405B2307-6839-4D52-AEB9-BECE64252800)

Shell> Image dtb=fdt.dtb nokaslr root=/dev/vda rw init=/init -- /host/guest.sh
[   fvp ] 
[   fvp ] Info: FVP_Base_RevC_2xAEMvA: bp.sp810_sysctrl: Read Register Oxfe0 = 10
[   fvp ] 
[   fvp ] Info: FVP_Base_RevC_2xAEMvA: bp.sp810_sysctrl: Read Register Oxfe4 = 18
[   fvp ] 
[   fvp ] Info: FVP_Base_RevC_2xAEMvA: bp.sp810_sysctrl: Read Register Oxfe8 = 4
[   fvp ] 
[   fvp ] Info: FVP_Base_RevC_2xAEMvA: bp.sp810_sysctrl: Read Register Oxfec = 0
[   fvp ] 
[   fvp ] Info: FVP_Base_RevC_2xAEMvA: bp.sp810_sysctrl: Read Register Oxff0 = d
[   fvp ] 
[   fvp ] Info: FVP_Base_RevC_2xAEMvA: bp.sp810_sysctrl: Read Register Oxff4 = f0
[   fvp ] 
[   fvp ] Info: FVP_Base_RevC_2xAEMvA: bp.sp810_sysctrl: Read Register Oxff8 = 5
[   fvp ] 
[   fvp ] Info: FVP_Base_RevC_2xAEMvA: bp.sp810_sysctrl: Read Register Oxffc = b1
[    0.000000] Booting Linux on physical CPU 0x0000000000 [0x410fd0f0]
[    0.000000] Linux version 6.17.0-rc2-g750f1650f406 (tuxmake@shrinkwrap) (aarch64-linux-gnu-gcc (Debian 14.2.0-19) 14.2.0, GNU ld (GNU Binutils for Debian) 2.44) #1 SMP PREEMPT @1761832559
[    0.000000] KASLR disabled on command line
[    0.000000] Machine model: FVP Base RevC
[    0.000000] efi: EFI v2.7 by EDK II
[    0.000000] efi: ACPI 2.0=0xfb1f4018 MEMATTR=0xfa5ab018 MEMRESERVE=0xfa57af18 
[    0.000000] Reserved memory: created DMA memory pool at 0x0000000018000000, size 8 MiB
[    0.000000] OF: reserved mem: initialized node vram@18000000, compatible id shared-dma-pool
[    0.000000] OF: reserved mem: 0x0000000018000000..0x00000000187fffff (8192 KiB) nomap non-reusable vram@18000000
[    0.000000] OF: reserved mem: 0x00000000fc000000..0x00000000ffffffff (65536 KiB) nomap non-reusable fw@7C000000
[    0.000000] NUMA: Faking a node at [mem 0x0000000080000000-0x00000008ffffffff]
[    0.000000] NODE_DATA(0) allocated [mem 0x8ff8117c0-0x8ff813dff]
[    0.000000] Zone ranges:
[    0.000000]   DMA      [mem 0x0000000080000000-0x00000000ffffffff]
[    0.000000]   DMA32    empty
[    0.000000]   Normal   [mem 0x0000000100000000-0x00000008ffffffff]
[    0.000000] Movable zone start for each node
[    0.000000] Early memory node ranges
[    0.000000]   node   0: [mem 0x0000000080000000-0x00000000fa35ffff]
[    0.000000]   node   0: [mem 0x00000000fa360000-0x00000000fa3cffff]
[    0.000000]   node   0: [mem 0x00000000fa3d0000-0x00000000fac2ffff]
[    0.000000]   node   0: [mem 0x00000000fac30000-0x00000000fac6ffff]
[    0.000000]   node   0: [mem 0x00000000fac70000-0x00000000facbffff]
[    0.000000]   node   0: [mem 0x00000000facc0000-0x00000000fad3ffff]
[    0.000000]   node   0: [mem 0x00000000fad40000-0x00000000fad9ffff]
[    0.000000]   node   0: [mem 0x00000000fada0000-0x00000000fae3ffff]
[    0.000000]   node   0: [mem 0x00000000fae40000-0x00000000fae4ffff]
[    0.000000]   node   0: [mem 0x00000000fae50000-0x00000000fafcffff]
[    0.000000]   node   0: [mem 0x00000000fafd0000-0x00000000fb05ffff]
[    0.000000]   node   0: [mem 0x00000000fb060000-0x00000000fb19ffff]
[    0.000000]   node   0: [mem 0x00000000fb1a0000-0x00000000fb6bffff]
[    0.000000]   node   0: [mem 0x00000000fb6c0000-0x00000000fb6fffff]
[    0.000000]   node   0: [mem 0x00000000fb700000-0x00000000fb70ffff]
[    0.000000]   node   0: [mem 0x00000000fb710000-0x00000000fb75ffff]
[    0.000000]   node   0: [mem 0x00000000fb760000-0x00000000fbffffff]
[    0.000000]   node   0: [mem 0x0000000880000000-0x00000008ffffffff]
[    0.000000] Initmem setup node 0 [mem 0x0000000080000000-0x00000008ffffffff]
[    0.000000] On node 0, zone Normal: 16384 pages in unavailable ranges
[    0.000000] cma: Reserved 32 MiB at 0x00000000f8000000
[    0.000000] psci: probing for conduit method from DT.
[    0.000000] psci: PSCIv1.1 detected in firmware.
[    0.000000] psci: Using standard PSCI v0.2 function IDs
[    0.000000] psci: MIGRATE_INFO_TYPE not supported.
[    0.000000] psci: SMC Calling Convention v1.5
[    0.000000] psci: OSI mode supported.
[    0.000000] percpu: Embedded 24 pages/cpu s60952 r8192 d29160 u98304
[    0.000000] Detected PIPT I-cache on CPU0
[    0.000000] CPU features: detected: Address authentication (IMP DEF algorithm)
[    0.000000] CPU features: detected: GICv3 CPU interface
[    0.000000] CPU features: detected: HCRX_EL2 register
[    0.000000] CPU features: detected: Virtualization Host Extensions
[    0.000000] CPU features: detected: Spectre-BHB
[    0.000000] alternatives: applying boot alternatives
[    0.000000] Kernel command line: Image dtb=fdt.dtb nokaslr root=/dev/vda rw init=/init -- /host/guest.sh
[    0.000000] Unknown kernel command line parameters "dtb=fdt.dtb", will be passed to user space.
[    0.000000] random: crng init done
[    0.000000] printk: log buffer data + meta data: 131072 + 458752 = 589824 bytes
[    0.000000] Dentry cache hash table entries: 524288 (order: 10, 4194304 bytes, linear)
[    0.000000] Inode-cache hash table entries: 262144 (order: 9, 2097152 bytes, linear)
[    0.000000] software IO TLB: area num 8.
[    0.000000] software IO TLB: mapped [mem 0x00000000eec10000-0x00000000f2c10000] (64MB)
[    0.000000] Fallback order for Node 0: 0 
[    0.000000] Built 1 zonelists, mobility grouping on.  Total pages: 1032192
[    0.000000] Policy zone: Normal
[    0.000000] mem auto-init: stack:all(zero), heap alloc:off, heap free:off
[    0.000000] SLUB: HWalign=64, Order=0-3, MinObjects=0, CPUs=8, Nodes=1
[    0.000000] rcu: Preemptible hierarchical RCU implementation.
[    0.000000] rcu: 	RCU event tracing is enabled.
[    0.000000] rcu: 	RCU restricting CPUs from NR_CPUS=512 to nr_cpu_ids=8.
[    0.000000] 	Trampoline variant of Tasks RCU enabled.
[    0.000000] 	Tracing variant of Tasks RCU enabled.
[    0.000000] rcu: RCU calculated value of scheduler-enlistment delay is 10 jiffies.
[    0.000000] rcu: Adjusting geometry for rcu_fanout_leaf=16, nr_cpu_ids=8
[    0.000000] RCU Tasks: Setting shift to 3 and lim to 1 rcu_task_cb_adjust=1 rcu_task_cpu_ids=8.
[    0.000000] RCU Tasks Trace: Setting shift to 3 and lim to 1 rcu_task_cb_adjust=1 rcu_task_cpu_ids=8.
[    0.000000] NR_IRQS: 64, nr_irqs: 64, preallocated irqs: 0
[    0.000000] GICv3: GIC: Using split EOI/Deactivate mode
[    0.000000] GICv3: 224 SPIs implemented
[    0.000000] GICv3: 0 Extended SPIs implemented
[    0.000000] Root IRQ handler: gic_handle_irq
[    0.000000] GICv3: GICv3 features: 16 PPIs
[    0.000000] GICv3: GICD_CTLR.DS=0, SCR_EL3.FIQ=0
[    0.000000] GICv3: CPU0: found redistributor 0 region 0:0x000000002f100000
[    0.000000] ITS [mem 0x2f020000-0x2f03ffff]
[    0.000000] ITS@0x000000002f020000: allocated 8192 Devices @880070000 (indirect, esz 8, psz 64K, shr 1)
[    0.000000] ITS@0x000000002f020000: allocated 8192 Virtual CPUs @880080000 (indirect, esz 8, psz 64K, shr 1)
[    0.000000] ITS@0x000000002f020000: allocated 8192 Interrupt Collections @880090000 (flat, esz 8, psz 64K, shr 1)
[    0.000000] GICv3: using LPI property table @0x00000008800a0000
[    0.000000] GICv3: CPU0: using allocated LPI pending table @0x00000008800b0000
[    0.000000] rcu: srcu_init: Setting srcu_struct sizes based on contention.
[    0.000000] timer_sp804: timer clock not found: -517
[    0.000000] timer_sp804: arm,sp804 clock not found: -2
[    0.000000] Failed to initialize '/bus@8000000/motherboard-bus@8000000/iofpga-bus@300000000/timer@110000': -22
[    0.000000] timer_sp804: timer clock not found: -517
[    0.000000] timer_sp804: arm,sp804 clock not found: -2
[    0.000000] Failed to initialize '/bus@8000000/motherboard-bus@8000000/iofpga-bus@300000000/timer@120000': -22
[    0.000000] arch_timer: cp15 and mmio timer(s) running at 100.00MHz (phys/phys).
[    0.000000] clocksource: arch_sys_counter: mask: 0x1ffffffffffffff max_cycles: 0x171024e7e0, max_idle_ns: 440795205315 ns
[    0.000002] sched_clock: 57 bits at 100MHz, resolution 10ns, wraps every 4398046511100ns
[    0.002480] Console: colour dummy device 80x25
[    0.002530] printk: legacy console [tty0] enabled
[    0.011226] Calibrating delay loop (skipped), value calculated using timer frequency.. 200.00 BogoMIPS (lpj=1000000)
[    0.011432] pid_max: default: 32768 minimum: 301
[    0.012048] LSM: initializing lsm=capability
[    0.012678] Mount-cache hash table entries: 8192 (order: 4, 65536 bytes, linear)
[    0.012856] Mountpoint-cache hash table entries: 8192 (order: 4, 65536 bytes, linear)
[    0.026378] rcu: Hierarchical SRCU implementation.
[    0.026477] rcu: 	Max phase no-delay instances is 1000.
[    0.027532] Timer migration: 1 hierarchy levels; 8 children per group; 1 crossnode level
[    0.028550] fsl-mc MSI: msi-controller@2f020000 domain created
[    0.038023] Remapping and enabling EFI services.
[    0.040795] smp: Bringing up secondary CPUs ...
[    0.044078] Detected PIPT I-cache on CPU1
[    0.045288] GICv3: CPU1: found redistributor 100 region 0:0x000000002f120000
[    0.045348] GICv3: CPU1: using allocated LPI pending table @0x00000008800c0000
[    0.045462] CPU1: Booted secondary processor 0x0000000100 [0x410fd0f0]
[    0.049339] Detected PIPT I-cache on CPU2
[    0.050564] GICv3: CPU2: found redistributor 200 region 0:0x000000002f140000
[    0.050625] GICv3: CPU2: using allocated LPI pending table @0x00000008800d0000
[    0.050739] CPU2: Booted secondary processor 0x0000000200 [0x410fd0f0]
[    0.054558] Detected PIPT I-cache on CPU3
[    0.055799] GICv3: CPU3: found redistributor 300 region 0:0x000000002f160000
[    0.055860] GICv3: CPU3: using allocated LPI pending table @0x00000008800e0000
[    0.055974] CPU3: Booted secondary processor 0x0000000300 [0x410fd0f0]
[    0.059845] Detected PIPT I-cache on CPU4
[    0.061100] GICv3: CPU4: found redistributor 10000 region 0:0x000000002f180000
[    0.061162] GICv3: CPU4: using allocated LPI pending table @0x00000008800f0000
[    0.061276] CPU4: Booted secondary processor 0x0000010000 [0x410fd0f0]
[    0.065121] Detected PIPT I-cache on CPU5
[    0.066392] GICv3: CPU5: found redistributor 10100 region 0:0x000000002f1a0000
[    0.066455] GICv3: CPU5: using allocated LPI pending table @0x0000000880100000
[    0.066569] CPU5: Booted secondary processor 0x0000010100 [0x410fd0f0]
[    0.070447] Detected PIPT I-cache on CPU6
[    0.071734] GICv3: CPU6: found redistributor 10200 region 0:0x000000002f1c0000
[    0.071797] GICv3: CPU6: using allocated LPI pending table @0x0000000880110000
[    0.071911] CPU6: Booted secondary processor 0x0000010200 [0x410fd0f0]
[    0.075846] Detected PIPT I-cache on CPU7
[    0.077150] GICv3: CPU7: found redistributor 10300 region 0:0x000000002f1e0000
[    0.077214] GICv3: CPU7: using allocated LPI pending table @0x0000000880120000
[    0.077324] CPU7: Booted secondary processor 0x0000010300 [0x410fd0f0]
[    0.078112] smp: Brought up 1 node, 8 CPUs
[    0.080653] SMP: Total of 8 processors activated.
[    0.080757] CPU: All CPU(s) started at EL2
[    0.080853] CPU features: detected: Branch Target Identification
[    0.080971] CPU features: detected: 32-bit EL0 Support
[    0.081077] CPU features: detected: ARMv8.4 Translation Table Level
[    0.081197] CPU features: detected: Data cache clean to the PoU not required for I/D coherence
[    0.081354] CPU features: detected: Common not Private translations
[    0.081476] CPU features: detected: CRC32 instructions
[    0.081581] CPU features: detected: Data independent timing control (DIT)
[    0.081713] CPU features: detected: E0PD
[    0.081811] CPU features: detected: Enhanced Counter Virtualization
[    0.081926] CPU features: detected: Enhanced Counter Virtualization (CNTPOFF)
[    0.082063] CPU features: detected: Enhanced Privileged Access Never
[    0.082185] CPU features: detected: Enhanced Virtualization Traps
[    0.082307] CPU features: detected: Fine Grained Traps
[    0.082432] CPU features: detected: Generic authentication (IMP DEF algorithm)
[    0.082576] CPU features: detected: RCpc load-acquire (LDAPR)
[    0.082694] CPU features: detected: LSE atomic instructions
[    0.082811] CPU features: detected: Privileged Access Never
[    0.082925] CPU features: detected: PMUv3
[    0.083026] CPU features: detected: RAS Extension Support
[    0.083138] CPU features: detected: Random Number Generator
[    0.083253] CPU features: detected: Speculation barrier (SB)
[    0.083368] CPU features: detected: Stage-2 Force Write-Back
[    0.083488] CPU features: detected: TLB range maintenance instructions
[    0.083612] CPU features: detected: WFx with timeout
[    0.083728] CPU features: detected: Scalable Matrix Extension
[    0.083852] CPU features: detected: Scalable Vector Extension
[    0.084331] alternatives: applying system-wide alternatives
[    0.100646] CPU features: detected: Activity Monitors Unit (AMU) on CPU0-7
[    0.100792] CPU features: detected: Hardware dirty bit management on CPU0-7
[    0.100939] SVE: maximum available vector length 64 bytes per vector
[    0.101062] SVE: default vector length 64 bytes per vector
[    0.101182] SME: minimum available vector length 16 bytes per vector
[    0.101300] SME: maximum available vector length 64 bytes per vector
[    0.101418] SME: default vector length 32 bytes per vector
[    0.105520] Memory: 3896632K/4128768K available (18176K kernel code, 5398K rwdata, 12704K rodata, 3200K init, 685K bss, 192576K reserved, 32768K cma-reserved)
[    0.108173] devtmpfs: initialized
[    0.152316] clocksource: jiffies: mask: 0xffffffff max_cycles: 0xffffffff, max_idle_ns: 19112604462750000 ns
[    0.152530] posixtimers hash table entries: 4096 (order: 4, 65536 bytes, linear)
[    0.153097] futex hash table entries: 2048 (131072 bytes on 1 NUMA nodes, total 128 KiB, linear).
[    0.154949] 22672 pages in range for non-PLT usage
[    0.154983] 514192 pages in range for PLT usage
[    0.155732] pinctrl core: initialized pinctrl subsystem
[    0.169073] DMI not present or invalid.
[    0.196338] NET: Registered PF_NETLINK/PF_ROUTE protocol family
[    0.202421] DMA: preallocated 512 KiB GFP_KERNEL pool for atomic allocations
[    0.203356] DMA: preallocated 512 KiB GFP_KERNEL|GFP_DMA pool for atomic allocations
[    0.205005] DMA: preallocated 512 KiB GFP_KERNEL|GFP_DMA32 pool for atomic allocations
[    0.205274] audit: initializing netlink subsys (disabled)
[    0.205836] audit: type=2000 audit(0.190:1): state=initialized audit_enabled=0 res=1
[    0.213871] thermal_sys: Registered thermal governor 'step_wise'
[    0.213905] thermal_sys: Registered thermal governor 'power_allocator'
[    0.214317] cpuidle: using governor menu
[    0.215940] hw-breakpoint: found 16 breakpoint and 16 watchpoint registers.
[    0.216743] ASID allocator initialised with 65536 entries
[    0.234681] Serial: AMBA PL011 UART driver
[    0.291980] 1c090000.serial: ttyAMA0 at MMIO 0x1c090000 (irq = 17, base_baud = 0) is a PL011 rev2
[    0.292504] printk: console [ttyAMA0] enabled
[    0.298390] 1c0a0000.serial: ttyAMA1 at MMIO 0x1c0a0000 (irq = 18, base_baud = 0) is a PL011 rev2
[    0.303611] 1c0b0000.serial: ttyAMA2 at MMIO 0x1c0b0000 (irq = 19, base_baud = 0) is a PL011 rev2
[    0.308941] 1c0c0000.serial: ttyAMA3 at MMIO 0x1c0c0000 (irq = 20, base_baud = 0) is a PL011 rev2
[    0.348094] /bus@8000000/motherboard-bus@8000000/iofpga-bus@300000000/clcd@1f0000: Fixed dependency cycle(s) with /panel
[    0.348728] /panel: Fixed dependency cycle(s) with /bus@8000000/motherboard-bus@8000000/iofpga-bus@300000000/clcd@1f0000
[    0.355374] HugeTLB: allocation took 0ms with hugepage_allocation_threads=2
[    0.355525] HugeTLB: allocation took 0ms with hugepage_allocation_threads=2
[    0.355675] HugeTLB: registered 1.00 GiB page size, pre-allocated 0 pages
[    0.355804] HugeTLB: 0 KiB vmemmap can be freed for a 1.00 GiB page
[    0.355944] HugeTLB: registered 32.0 MiB page size, pre-allocated 0 pages
[    0.356073] HugeTLB: 0 KiB vmemmap can be freed for a 32.0 MiB page
[    0.356212] HugeTLB: registered 2.00 MiB page size, pre-allocated 0 pages
[    0.356339] HugeTLB: 0 KiB vmemmap can be freed for a 2.00 MiB page
[    0.356481] HugeTLB: registered 64.0 KiB page size, pre-allocated 0 pages
[    0.356610] HugeTLB: 0 KiB vmemmap can be freed for a 64.0 KiB page
[    0.367273] ACPI: Interpreter disabled.
[    0.380919] iommu: Default domain type: Translated
[    0.381049] iommu: DMA domain TLB invalidation policy: strict mode
[    0.383998] SCSI subsystem initialized
[    0.386194] usbcore: registered new interface driver usbfs
[    0.386508] usbcore: registered new interface driver hub
[    0.386852] usbcore: registered new device driver usb
[    0.391475] pps_core: LinuxPPS API ver. 1 registered
[    0.391600] pps_core: Software ver. 5.3.6 - Copyright 2005-2007 Rodolfo Giometti <giometti@linux.it>
[    0.391826] PTP clock support registered
[    0.392470] EDAC MC: Ver: 3.0.0
[    0.394156] scmi_core: SCMI protocol bus registered
[    0.395632] efivars: Registered efivars operations
[    0.401210] FPGA manager framework
[    0.408226] vgaarb: loaded
[    0.409742] clocksource: Switched to clocksource arch_sys_counter
[    0.410999] VFS: Disk quotas dquot_6.6.0
[    0.411186] VFS: Dquot-cache hash table entries: 512 (order 0, 4096 bytes)
[    0.412745] pnp: PnP ACPI: disabled
[    0.450842] NET: Registered PF_INET protocol family
[    0.451285] IP idents hash table entries: 65536 (order: 7, 524288 bytes, linear)
[    0.502046] tcp_listen_portaddr_hash hash table entries: 2048 (order: 3, 32768 bytes, linear)
[    0.502672] Table-perturb hash table entries: 65536 (order: 6, 262144 bytes, linear)
[    0.502890] TCP established hash table entries: 32768 (order: 6, 262144 bytes, linear)
[    0.506032] TCP bind hash table entries: 32768 (order: 8, 1048576 bytes, linear)
[    0.511499] TCP: Hash tables configured (established 32768 bind 32768)
[    0.511873] UDP hash table entries: 2048 (order: 5, 131072 bytes, linear)
[    0.513043] UDP-Lite hash table entries: 2048 (order: 5, 131072 bytes, linear)
[    0.514624] NET: Registered PF_UNIX/PF_LOCAL protocol family
[    0.516140] RPC: Registered named UNIX socket transport module.
[    0.516274] RPC: Registered udp transport module.
[    0.516379] RPC: Registered tcp transport module.
[    0.516483] RPC: Registered tcp-with-tls transport module.
[    0.516594] RPC: Registered tcp NFSv4.1 backchannel transport module.
[    0.516730] PCI: CLS 0 bytes, default 64
[    0.551559] kvm [1]: nv: 567 coarse grained trap handlers
[    0.557452] kvm [1]: nv: 664 fine grained trap handlers
[   rmm ] SMC_RMI_VERSION                   10000 > RMI_SUCCESS 10000 10001
[    0.562043]
[   rmm ] SMC_RMI_FEATURES  
 kvm [1]: RMI ABI version 1.0
[   rmm ]                 0 > RMI_SUCCESS 6bf44f3ce30
[    0.562805] kvm [1]: IPA Size Limit: 48 bits
[    0.563037] [Firmware Bug]: CPU interface incapable of MMIO access
[    0.563167] kvm [1]: disabling GICv2 emulation
[    0.563452] kvm [1]: GIC system register CPU interface enabled
[    0.563611] kvm [1]: vgic interrupt IRQ9
[    0.563900] kvm [1]: VHE mode initialized successfully
[    0.571849] Initialise system trusted keyrings
[    0.572446] workingset: timestamp_bits=42 max_order=20 bucket_order=0
[    0.574240] squashfs: version 4.0 (2009/01/31) Phillip Lougher
[    0.575502] NFS: Registering the id_resolver key type
[    0.575660] Key type id_resolver registered
[    0.575762] Key type id_legacy registered
[    0.575950] nfs4filelayout_init: NFSv4 File Layout Driver Registering...
[    0.576078] nfs4flexfilelayout_init: NFSv4 Flexfile Layout Driver Registering...
[    0.576871] 9p: Installing v9fs 9p2000 file system support
[    1.311844] Key type asymmetric registered
[    1.311966] Asymmetric key parser 'x509' registered
[    1.312262] Block layer SCSI generic (bsg) driver version 0.4 loaded (major 244)
[    1.312426] io scheduler mq-deadline registered
[    1.312535] io scheduler kyber registered
[    1.312760] io scheduler bfq registered
[    1.377310] ledtrig-cpu: registered to indicate activity on CPUs
[    1.381490] pci-host-generic 40000000.pci: host bridge /pci@40000000 ranges:
[    1.381732] pci-host-generic 40000000.pci:      MEM 0x0050000000..0x005fffffff -> 0x0050000000
[    1.382136] pci-host-generic 40000000.pci: ECAM at [mem 0x40000000-0x4fffffff] for [bus 00-ff]
[    1.383094] pci-host-generic 40000000.pci: PCI host bridge to bus 0000:00
[    1.383272] pci_bus 0000:00: root bus resource [bus 00-ff]
[    1.383422] pci_bus 0000:00: root bus resource [mem 0x50000000-0x5fffffff]
[    1.383868] pci 0000:00:01.0: [13b5:0def] type 01 class 0x060400 PCIe Root Port
[    1.384111] pci 0000:00:01.0: BAR 0 [mem 0x50201000-0x50201fff]
[    1.384277] pci 0000:00:01.0: PCI bridge to [bus 01]
[    1.384427] pci 0000:00:01.0:   bridge window [mem 0x50100000-0x501fffff]
[    1.384615] pci 0000:00:01.0: enabling Extended Tags
[    1.384868] pci 0000:00:01.0: PME# supported from D3hot
[    1.386315] pci 0000:00:02.0: [13b5:0def] type 01 class 0x060400 PCIe Root Port
[    1.386558] pci 0000:00:02.0: BAR 0 [mem 0x50200000-0x50200fff]
[    1.386724] pci 0000:00:02.0: PCI bridge to [bus 02]
[    1.386874] pci 0000:00:02.0:   bridge window [mem 0x50000000-0x500fffff]
[    1.387062] pci 0000:00:02.0: enabling Extended Tags
[    1.387315] pci 0000:00:02.0: PME# supported from D3hot
[    1.394848] pci 0000:01:00.0: [13b5:ff80] type 00 class 0xff0000 PCIe Endpoint
[    1.395111] pci 0000:01:00.0: BAR 0 [mem 0x50100000-0x5013ffff 64bit]
[    1.395282] pci 0000:01:00.0: BAR 2 [mem 0x50180000-0x50187fff 64bit]
[    1.395453] pci 0000:01:00.0: BAR 4 [mem 0x50190000-0x50190fff 64bit]
[    1.395633] pci 0000:01:00.0: enabling Extended Tags
[    1.395898] pci 0000:01:00.0: PME# supported from D3hot
[    1.398075] pci 0000:01:00.1: [13b5:ff80] type 00 class 0xff0000 PCIe Endpoint
[    1.398338] pci 0000:01:00.1: BAR 0 [mem 0x50140000-0x5017ffff 64bit]
[    1.398510] pci 0000:01:00.1: BAR 2 [mem 0x50188000-0x5018ffff 64bit]
[    1.398680] pci 0000:01:00.1: BAR 4 [mem 0x50191000-0x50191fff 64bit]
[    1.398860] pci 0000:01:00.1: enabling Extended Tags
[    1.399105] pci 0000:01:00.1: PME# supported from D3hot
[    1.401075] pci 0000:02:00
[   fvp ] 
[   fvp ] Info: FVP_Base_RevC_2xAEMvA: rootport1: Intercepted write to BAR at address 0x0000000000200010
[   fvp ] 
[   fvp ] Info: FVP_Base_RevC_2xAEMvA: rootport1: Bar is known flushing address map
[   fvp ] 
[   fvp ] Info: FVP_Base_RevC_2xAEMvA: rootport1: Updated destination of 32 bit BAR to 0xffffe000
.0: 
[   fvp ] 
[   fvp ] Info: FVP_Base_RevC_2xAEMvA: rootport1: Intercepted write to BAR at address 0x0000000000200010
[   fvp ] 
[   fvp ] Info: FVP_Base_RevC_2xAEMvA: rootport1: Bar is known flushing address map
[   fvp ] 
[   fvp ] Info: FVP_Base_RevC_2xAEMvA: rootport1: Updated destination of 32 bit BAR to 0x50006000
[   fvp ] 
[   fvp ] Info: FVP_Base_RevC_2xAEMvA: rootport1: Intercepted write to BAR at address 0x0000000000200014
[   fvp ] 
[   fvp ] Info: FVP_Base_RevC_2xAEMvA: rootport1: Bar is known flushing address map
[   fvp ] 
[   fvp ] Info: FVP_Base_RevC_2xAEMvA: rootport1: Updated destination of 32 bit BAR to 0xffffe000
[   fvp ] 
[   fvp ] Info: FVP_Base_RevC_2xAEMvA: rootport1: Intercepted write to BAR at address 0x0000000000200014
[   fvp ] 
[   fvp ] Info: FVP_Base_RevC_2xAEMvA: rootport1: Bar is known flushing address map
[0ab
[   fvp ] 
[   fvp ] Info: FVP_Base_RevC_2xAEMvA: rootport1: Updated destination of 32 bit BAR to 0x50004000
[   fvp ] 
[   fvp ] Info: FVP_Base_RevC_2xAEMvA: rootport1: Intercepted write to BAR at address 0x0000000000200018
[   fvp ] 
[   fvp ] Info: FVP_Base_RevC_2xAEMvA: rootport1: Bar is known flushing address map
[   fvp ] 
[   fvp ] Info: FVP_Base_RevC_2xAEMvA: rootport1: Updated destination of 32 bit BAR to 0xfffff000
[   fvp ] 
[   fvp ] Info: FVP_Base_RevC_2xAEMvA: rootport1: Intercepted write to BAR at address 0x0000000000200018
[   fvp ] 
[   fvp ] Info: FVP_Base_RevC_2xAEMvA: rootport1: Bar is known flushing address map
[   fvp ] 
[   fvp ] Info: FVP_Base_RevC_2xAEMvA: rootport1: Updated destination of 32 bit BAR to 0x50009000
[   fvp ] 
[   fvp ] Info: FVP_Base_RevC_2xAEMvA: rootport1: Intercepted write to BAR at address 0x000000000020001c
[   fvp ] 
[   fvp ] Info: FVP_Base_RevC_2xAEMvA: rootport1: Bar is known flushing address map
[   fvp ] 
[   fvp ] Info: FVP_Base_RevC_2xAEMvA: rootport1: Updated destination of 32 bit BAR to 0xffffe000
[   fvp ] 
[   fvp ] Info: FVP_Base_RevC_2xAEMvA: rootport1: Intercepted write to BAR at address 0x000000000020001c
[   fvp ] 
[   fvp ] Info: FVP_Base_RevC_2xAEMvA: rootport1: Bar is known flushing address map
[   fvp ] 
[   fvp ] Info: FVP_Base_RevC_2xAEMvA: rootport1: Updated destination of 32 bit BAR to 0x50002000
[   fvp ] 
[   fvp ] Info: FVP_Base_RevC_2xAEMvA: rootport1: Intercepted write to BAR at address 0x0000000000200020
[   fvp ] 
[   fvp ] Info: FVP_Base_RevC_2xAEMvA: rootport1: Bar is known flushing address map
[   fvp ] 
[   fvp ] Info: FVP_Base_RevC_2xAEMvA: rootport1: Updated destination of 32 bit BAR to 0xfffff000
[   fvp ] 
[   fvp ] Info: FVP_Base_RevC_2xAEMvA: rootport1: Intercepted write to BAR at address 0x0000000000200020
[   fvp ] 
[   fvp ] Info: FVP_Base_RevC_2xAEMvA: rootport1: Bar is known flushing address map
[   fvp ] 
[   fvp ] Info: FVP_Base_RevC_2xAEMvA: rootport1: Updated destination of 32 bit BAR to 0x50008000
[   fvp ] 
[   fvp ] Info: FVP_Base_RevC_2xAEMvA: rootport1: Intercepted write to BAR at address 0x0000000000200024
[   fvp ] 
[   fvp ] Info: FVP_Base_RevC_2xAEMvA: rootport1: Bar is known flushing address map
[   fvp ] 
[   fvp ] Info: FVP_Base_RevC_2xAEMvA: rootport1: Updated destination of 32 bit BAR to 0xffffe000
[   fvp ] 
[   fvp ] Info: FVP_Base_RevC_2xAEMvA: rootport1: Intercepted write to BAR at address 0x0000000000200024
[   fvp ] 
[   fvp ] Info: FVP_Base_RevC_2xAEMvA: rootport1: Bar is known flushing address map
[   fvp ] 
[   fvp ] Info: FVP_Base_RevC_2xAEMvA: rootport1: Updated destination of 32 bit BAR to 0x50000000
c:aced] type 00 class 0x010601 PCIe Endpoint
[    1.401341] pci 0000:02:00.0: BAR 0 [mem 0x50006000-0x50007fff]
[    1.401504] pci 0000:02:00.0: BAR 1 [mem 0x50004000-0x50005fff]
[    1.401667] pci 0000:02:00.0: BAR 2 [mem 0x50009000-0x50009fff]
[    1.401829] pci 0000:02:00.0: BAR 3 [mem 0x50002000-0x50003fff]
[    1.401992] pci 0000:02:00.0: BAR 4 [mem 0x50008000-0x50008fff]
[    1.402155] pci 0000:02:00.0: BAR 5 [mem 0x50000000-0x50001fff]
[    1.402328] pci 0000:02:00.0: enabling Extended Tags
[    1.402574] pci 0000:02:00.0: PME# supported from D3hot
[    1.404785] pci 0000:00:01.0: bridge window [mem 0x50000000-0x500fffff]: assigned
[    1.404996] pci 0000:00:02.0: bridge window [mem 0x50100000-0x501fffff]: assigned
[    1.405188] pci 0000:00:01.0: BAR 0 [mem 0x50200000-0x50200fff]: assigned
[    1.405366] pci 0000:00:02.0: BAR 0 [mem 0x50201000-0x50201fff]: assigned
[    1.405582] pci 0000:01:00.0: BAR 0 [mem 0x50000000-0x5003ffff 64bit]: assigned
[    1.405790] pci 0000:01:00.1: BAR 0 [mem 0x50040000-0x5007ffff 64bit]: assigned
[    1.405999] pci 0000:01:00.0: BAR 2 [mem 0x50080000-0x50087fff 64bit]: assigned
[    1.406208] pci 0000:01:00.1: BAR 2 [mem 0x50088000-0x5008ffff 64bit]: assigned
[    1.406417] pci 0000:01:00.0: BAR 4 [mem 0x50090000-0x50090fff 64bit]: assigned
[    1.406626] pci 0000:01:00.1: BAR 4 [mem 0x50091000-0x50091fff 64bit]: assigned
[    1.406836] pci 0000:00:01.0: PCI bridge to [bus 01]
[    1.406980] pc
[   fvp ] 
[   fvp ] Info: FVP_Base_RevC_2xAEMvA: rootport1: Intercepted write to BAR at address 0x0000000000200010
[   fvp ] 
[   fvp ] Info: FVP_Base_RevC_2xAEMvA: rootport1: Bar is known flushing address map
[   fvp ] 
[   fvp ] Info: FVP_Base_RevC_2xAEMvA: rootport1: Updated destination of 32 bit BAR to 0x50100000
i 0000:00:01.0:   bridge window [mem 0x50000000-0x500fffff
[   fvp ] 
[   fvp ] Info: FVP_Base_RevC_2xAEMvA: rootport1: Intercepted write to BAR at address 0x0000000000200014
[   fvp ] 
[   fvp ] Info: FVP_Base_RevC_2xAEMvA: rootport1: Bar is known flushing address map
[   fvp ] 
[   fvp ] Info: FVP_Base_RevC_2xAEMvA: rootport1: Updated destination of 32 bit BAR to 0x50102000
]
[    1.407186] pci 0000:02:00.0: BAR 0 [mem 0x50100000-0x50101fff]: assigned
[    1.407364] pci
[   fvp ] 
[   fvp ] Info: FVP_Base_RevC_2xAEMvA: rootport1: Intercepted write to BAR at address 0x000000000020001c
[   fvp ] 
[   fvp ] Info: FVP_Base_RevC_2xAEMvA: rootport1: Bar is known flushing address map
[   fvp ] 
[   fvp ] Info: FVP_Base_RevC_2xAEMvA: rootport1: Updated destination of 32 bit BAR to 0x50104000
 0000:02:00.0: BAR 1 [mem 0x50102000-0x50103fff]:
[   fvp ] 
[   fvp ] Info: FVP_Base_RevC_2xAEMvA: rootport1: Intercepted write to BAR at address 0x0000000000200024
[   fvp ] 
[   fvp ] Info: FVP_Base_RevC_2xAEMvA: rootport1: Bar is known flushing address map
[   fvp ] 
[   fvp ] Info: FVP_Base_RevC_2xAEMvA: rootport1: Updated destination of 32 bit BAR to 0x50106000
 assigned
[    1.407542] pci 0000:02:00.0: BAR 3 [mem 0x50104000-0x50105fff]: assigned
[    
[   fvp ] 
[   fvp ] Info: FVP_Base_RevC_2xAEMvA: rootport1: Intercepted write to BAR at address 0x0000000000200018
[   fvp ] 
[   fvp ] Info: FVP_Base_RevC_2xAEMvA: rootport1: Bar is known flushing address map
[   fvp ] 
[   fvp ] Info: FVP_Base_RevC_2xAEMvA: rootport1: Updated destination of 32 bit BAR to 0x50108000
1.407720] pci 0000:02:00.0: BAR 5 [mem 0x50106000-0x50107fff]: 
[   fvp ] 
[   fvp ] Info: FVP_Base_RevC_2xAEMvA: rootport1: Intercepted write to BAR at address 0x0000000000200020
[   fvp ] 
[   fvp ] Info: FVP_Base_RevC_2xAEMvA: rootport1: Bar is known flushing address map
[   fvp ] 
[   fvp ] Info: FVP_Base_RevC_2xAEMvA: rootport1: Updated destination of 32 bit BAR to 0x50109000
assigned
[    1.407898] pci 0000:02:00.0: BAR 2 [mem 0x50108000-0x50108fff]: assigned
[    1.408075] pci 0000:02:00.0: BAR 4 [mem 0x50109000-0x50109fff]: assigned
[    1.408258] pci 0000:00:02.0: PCI bridge to [bus 02]
[    1.408402] pci 0000:00:02.0:   bridge window [mem 0x50100000-0x501fffff]
[    1.408580] pci_bus 0000:00: resource 4 [mem 0x50000000-0x5fffffff]
[    1.408746] pci_bus 0000:01: resource 1 [mem 0x50000000-0x500fffff]
[    1.408912] pci_bus 0000:02: resource 1 [mem 0x50100000-0x501fffff]
[    1.593878] Serial: 8250/16550 driver, 4 ports, IRQ sharing enabled
[    1.614451] msm_serial: driver initialized
[    1.616775] SuperH (H)SCI(F) driver initialized
[    1.617973] STM32 USART driver initialized
[    1.635312] arm-smmu-v3 2b400000.iommu: ias 48-bit, oas 48-bit (features 0x01fcd7af)
[    1.635526] arm-smmu-v3 2b400000.iommu: allocated 128 entries for cmdq
[    1.635693] arm-smmu-v3 2b400000.iommu: allocated 128 entries for evtq
[    1.639775] pci 0000:00:01.0: Adding to iommu group 0
[    1.640284] pci 0000:00:02.0: Adding to iommu group 1
[    1.641161] pci 0000:01:00.0: Adding to iommu group 0
[    1.641491] pci 0000:01:00.1: Adding to iommu group 0
[    1.642502] pci 0000:02:00.0: Adding to iommu group 2
[    1.688971] loop: module loaded
[    1.689256] virtio_blk virtio0: 1/0/0 default/read/poll queues
[    1.690915] virtio_blk virtio0: [vda] 20971520 512-byte logical blocks (10.7 GB/10.0 GiB)
[    1.701499] basic-mmio-gpio: Failed to locate of_node [id: -2]
[    1.703755] basic-mmio-gpio: Failed to locate of_node [id: -2]
[    1.706460] basic-mmio-gpio: Failed to locate of_node [id: -2]
[    1.770508] megasas: 07.734.00.00-rc1
[   fvp ] 
[   fvp ] Info: FVP_Base_RevC_2xAEMvA: rootport1: Memory Access for 0x0000000050106004
[   fvp ] 
[   fvp ] Info: FVP_Base_RevC_2xAEMvA: rootport1: Remapped to downstream port 0 at offset 0000000000008000
[   fvp ] 
[   fvp ] Info: FVP_Base_RevC_2xAEMvA: rootport1: Memory Access for 0x000000005010800c
[   fvp ] 
[   fvp ] Info: FVP_Base_RevC_2xAEMvA: rootport1: Remapped to downstream port 0 at offset 0000000000004000
[   fvp ] 
[   fvp ] Info: FVP_Base_RevC_2xAEMvA: rootport1: Memory Access for 0x0000000050108000
[   fvp ] 
[   fvp ] Info: FVP_Base_RevC_2xAEMvA: rootport1: Remapped to downstream port 0 at offset 0000000000004000
[   fvp ] 
[   fvp ] Info: FVP_Base_RevC_2xAEMvA: rootport1: Memory Access for 0x000000005010800c
[   fvp ] 
[   fvp ] Info: FVP_Base_RevC_2xAEMvA: rootport1: Remapped to downstream port 0 at offset 0000000000004000
[   fvp ] 
[   fvp ] Info: FVP_Base_RevC_2xAEMvA: rootport1: Memory Access for 0x0000000050106118
[   fvp ] 
[   fvp ] Info: FVP_Base_RevC_2xAEMvA: rootport1: Remapped to downstream port 0 at offset 0000000000008000
[   fvp ] 
[   fvp ] Info: FVP_Base_RevC_2xAEMvA: rootport1: Memory Access for 0x0000000050106004
[   fvp ] 
[   fvp ] Info: FVP_Base_RevC_2xAEMvA: rootport1: Remapped to downstream port 0 at offset 0000000000008000
[    1.774056] ahci 0000:02:00.0: AHCI vers 0001.0301, 32 command slots, 6 Gbps, SATA mode
[    1.774277] ahci 0000:02:00.0: 1/1 ports implemented (port mask 0x1)
[    1.774432] ahci 0000:02:00.0: flags: 64bit ncq only 
[   fvp ] 
[   fvp ] Info: FVP_Base_RevC_2xAEMvA: rootport1: Memory Access for 0x000000005010800c
[   fvp ] 
[   fvp ] Info: FVP_Base_RevC_2xAEMvA: rootport1: Remapped to downstream port 0 at offset 0000000000004000
[    1.777833] scsi host0: ahci
[    1.779097] ata1: SATA max UDMA/133 abar m8192@0x50106000 port 0x50106100 irq 2
[   fvp ] 
[   fvp ] Info: FVP_Base_RevC_2xAEMvA: rootport1: Memory Access for 0x0000000050106114
[   fvp ] 
[   fvp ] Info: FVP_Base_RevC_2xAEMvA: rootport1: Remapped to downstream port 0 at offset 0000000000008000
[   fvp ] 
[   fvp ] Info: FVP_Base_RevC_2xAEMvA: rootport1: Memory Access for 0x0000000050106118
[   fvp ] 
[   fvp ] Info: FVP_Base_RevC_2xAEMvA: rootport1: Remapped to downstream port 0 at offset 0000000000008000
9 lpm-pol 1
[    1.786637] physmap-flash 8000000.flash: physmap platform flash device: [mem 0x08000000-0x0bffffff]
[    1.786866] 8000000.flash: Found 2 x16 devices at 0x0 in 32-bit bank. Manufacturer ID 0x000089 Chip ID 0x000018
[    1.787080] Intel/Sharp Extended Query Table at 0x0031
[    1.787208] Intel/Sharp Extended Query Table at 0x0031
[    1.787337] Using buffer write method
[    1.787576] physmap-flash 8000000.flash: physmap platform flash device: [mem 0x0c000000-0x0fffffff]
[    1.787787] 8000000.flash: Found 2 x16 devices at 0x0 in 32-bit bank. Manufacturer ID 0x000089 Chip ID 0x000018
[    1.788000] Intel/Sharp Extended Query Table at 0x0031
[    1.788126] Intel/Sharp Extended Query Table at 0x0031
[    1.788257] Using buffer write method
[    1.788418] Concatenating MTD devices:
[    1.788510] (0): "8000000.flash"
[    1.788608] (1): "8000000.flash"
[    1.788706] into device "8000000.flash"
[    1.839936] tun: Universal TUN/TAP device driver, 1.6
[    1.846072] thunder_xcv, ver 1.0
[    1.846459] thunder_bgx, ver 1.0
[    1.846861] nicpf, ver 1.0
[    1.856862] e1000: Intel(R) PRO/1000 Network Driver
[    1.856989] e1000: Copyright (c) 1999-2006 Intel Corporation.
[    1.857401] e1000e: Intel(R) PRO/1000 Network Driver
[    1.857520] e1000e: Copyright(c) 1999 - 2015 Intel Corporation.
[    1.857961] igb: Intel(R) Gigabit Ethernet Network Driver
[    1.858093] igb: Copyright (c) 2007-2014 Intel Corporation.
[    1.858518] igbvf: Intel(R) Gigabit Virtual Function Network Driver
[    1.858659] igbvf: Copyright (c) 2009 - 2012 Intel Corporation.
[    1.861063] sky2: driver version 1.30
[    1.866239] smc91x 1a000000.ethernet (unnamed net_device) (uninitialized): smc91x: IOADDR 00000000eb833dce doesn't match configuration (300).
[    1.866489] smc91x.c: v1.1, sep 22 2004 by Nicolas Pitre <nico@fluxnic.net>
[    1.883869] smc91x 1a000000.ethernet eth0: SMC91C11xFD (rev 1) at 00000000eb833dce IRQ 30
[    1.884080] 
[    1.884170] smc91x 1a000000.ethernet eth0: Ethernet addr: 00:02:f7:ef:d8:0a
[    1.888717] VFIO - User Level meta-driver version: 0.3
[    1.910940] usbcore: registered new interface driver usb-storage
[    1.934469] rtc-efi rtc-efi.0: registered as rtc0
[    1.934747] rtc-efi rtc-efi.0: setting system clock to 2025-10-31T06:36:49 UTC (1761892609)
[    1.938069] rtc-pl031 1c170000.rtc: registered as rtc1
[    1.942980] i2c_dev: i2c /dev entries driver
[    1.976100] sp805-wdt 1c0f0000.watchdog: registration successful
[    1.993943] CPUidle PSCI: Failed to create psci-cpuidle device
[    1.996554] sdhci: Secure Digital Host Controller Interface driver
[    1.996689] sdhci: Copyright(c) Pierre Ossman
[    1.998308] mmci-pl18x 1c050000.mmc: Got CD GPIO
[    1.998695] mmci-pl18x 1c050000.mmc: Got WP GPIO
[    2.000540] mmci-pl18x 1c050000.mmc: mmc0: PL180 manf 41 rev0 at 0x1c050000 irq 35,36 (pio)
[    2.002430] Synopsys Designware Multimedia Card Interface Driver
[    2.009690] sdhci-pltfm: SDHCI platform and OF driver helper
[   fvp ] 
[   fvp ] Info: FVP_Base_RevC_2xAEMvA: rootport1: Memory Access for 0x0000000050106128
[   fvp ] 
[   fvp ] Info: FVP_Base_RevC_2xAEMvA: rootport1: Remapped to downstream port 0 at offset 0000000000008000
[    2.028173] pstore: Using crash dump compression: deflate
[    2.028306] pstore: Registered efi_pstore as persistent store backend
[    2.030400] SMCCC: SOC_ID: ID = jep106:043b:0000 Revision = 0x00000002
[    2.039109] usbcore: registered new interface driver usbhid
[    2.039245] usbhid: USB HID core driver
[    2.066920] hw perfevents: enabled with armv8_pmuv3 PMU driver, 9 (0,800000ff) counters available
[    2.095688] NET: Registered PF_PACKET protocol family
[    2.096206] 9pnet: Installing 9P2000 support
[    2.097625] Key type dns_resolver registered
[   fvp ] 
[   fvp ] Info: FVP_Base_RevC_2xAEMvA: rootport1: Memory Access for 0x0000000050106130
[   fvp ] 
[   fvp ] Info: FVP_Base_RevC_2xAEMvA: rootport1: Remapped to downstream port 0 at offset 0000000000008000
[    2.101975] ata1: SATA link up 6.0 Gbps (SStatus 133 
[   fvp ] 
[   fvp ] Info: FVP_Base_RevC_2xAEMvA: rootport1: Memory Access for 0x0000000050106008
[   fvp ] 
[   fvp ] Info: FVP_Base_RevC_2xAEMvA: rootport1: Remapped to downstream port 0 at offset 0000000000008000
[   fvp ] 
[   fvp ] Info: FVP_Base_RevC_2xAEMvA: rootport1: Memory Access for 0x0000000050106110
[   fvp ] 
[   fvp ] Info: FVP_Base_RevC_2xAEMvA: rootport1: Remapped to downstream port 0 at offset 0000000000008000
SControl 300)
[    2.102392] ata1.00: ATA-10: ahci-disk.img, 0.1.0, max MWDMA2
[    2.102561] ata1.00: 131072 sectors, multi 0: LBA48 NCQ (depth 1)
[    2.103132] ata1.00: configured for PIO4
[    2.104425] scsi 0:0:0:0: Direct-Access     ATA      ahci-disk.img    0    PQ: 0 ANSI: 5
[    2.111309] sd 0:0:0:0: [sda] 131072 512-byte logical blocks: (67.1 MB/64.0 MiB)
[    2.111614] sd 0:0:0:0: [sda] Write Protect is off
[    2.112072] sd 0:0:0:0: [sda] Write cache: disabled, read cache: enabled, doesn't support DPO or FUA
[    2.112699] sd 0:0:0:0: [sda] Preferred minimum I/O size 512 bytes
[    2.193237] registered taskstats version 1
[    2.194463] Loading compiled-in X.509 certificates
[    2.210549] sd 0:0:0:0: [sda] Attached SCSI disk
[    2.251622] input: AT Raw Set 2 keyboard as /devices/platform/bus@8000000/bus@8000000:motherboard-bus@8000000/bus@8000000:motherboard-bus@8000000:iofpga-bus@300000000/1c060000.kmi/serio0/input/input0
[    2.275282] Demotion targets for Node 0: null
[    2.280791] clk: Disabling unused clocks
[    2.281279] check access for rdinit=/init failed: -2, ignoring
[    3.932215] input: PS/2 Generic Mouse as /devices/platform/bus@8000000/bus@8000000:motherboard-bus@8000000/bus@8000000:motherboard-bus@8000000:iofpga-bus@300000000/1c070000.kmi/serio1/input/input2
[    4.062523] EXT4-fs (vda): recovery complete
[    4.063472] EXT4-fs (vda): mounted filesystem bc7be6de-0d75-452a-943b-ce67f504de50 r/w with ordered data mode. Quota mode: none.
[    4.063790] VFS: Mounted root (ext4 filesystem) on device 254:0.
[    4.064202] devtmpfs: mounted
[    4.072937] Freeing unused kernel memory: 3200K
[    4.073556] Run /init as init process
+ export PATH=/usr/bin:/bin:/sbin
+ PATH=/usr/bin:/bin:/sbin
+ mount -t proc none /proc
+ mount -t sysfs none /sys
+ mkdir /dev/pts
+ mount devpts /dev/pts -t devpts
+ ln -s /proc/self/fd /dev/fd
+ ln -s /proc/self/fd/0 /dev/stdin
+ ln -s /proc/self/fd/1 /dev/stdout
+ ln -s /proc/self/fd/2 /dev/stderr
+ hostname -F /hostname
+ mount -t 9p -o trans=virtio host /host
[    4.371333] 9pnet_virtio: no channels available for device host
mount: /host: fsconfig() failed: No such file or directory.
       dmesg(1) may have more information after failed mount system call.
+ echo 'no host share accessible, it can be added to QEMU using:'
no host share accessible, it can be added to QEMU using:
+ echo '-virtfs local,path=$(pwd)/,mount_tag=host,security_model=mapped,readonly=off'
-virtfs local,path=$(pwd)/,mount_tag=host,security_model=mapped,readonly=off
+ ifconfig -a
+ grep -q eth0
+ ifconfig eth0 up
[    4.472343] smc91x 1a000000.ethernet eth0: link up, 10Mbps, half-duplex, lpa 0x0000
+ ifconfig eth0 10.0.2.15 netmask 255.255.255.0 broadcast 10.0.2.255
+ route add default gw 10.0.2.2
+ '[' 1 -ge 1 ']'
+ /host/guest.sh
+ '[' -v INIT ']'
+ INIT=
+ lspci -vvv
00:01.0 PCI bridge: ARM Device 0def (prog-if 00 [Normal decode])
	Control: I/O- Mem+ BusMaster- SpecCycle- MemWINV- VGASnoop- ParErr- Stepping- SERR- FastB2B- DisINTx-
	Status: Cap+ 66MHz- UDF- FastB2B- ParErr- DEVSEL=fast >TAbort- <TAbort- <MAbort- >SERR- <PERR- INTx-
	IOMMU group: 0
	Region 0: Memory at 50200000 (32-bit, non-prefetchable) [size=4K]
